Archive member included to satisfy reference by file (symbol)

hw_include/libdriver.a(gpio_dirmodeset_.o)
                              gcc/main.o (GPIODirModeSet)
hw_include/libdriver.a(gpio_inttypeset_.o)
                              gcc/main.o (GPIOIntTypeSet)
hw_include/libdriver.a(gpio_pinintclear_.o)
                              gcc/main.o (GPIOPinIntClear)
hw_include/libdriver.a(gpio_pinintenable_.o)
                              gcc/main.o (GPIOPinIntEnable)
hw_include/libdriver.a(gpio_pintypei2c_.o)
                              gcc/osram96x16.o (GPIOPinTypeI2C)
hw_include/libdriver.a(i2c_mastercontrol_.o)
                              gcc/osram96x16.o (I2CMasterControl)
hw_include/libdriver.a(i2c_masterdataput_.o)
                              gcc/osram96x16.o (I2CMasterDataPut)
hw_include/libdriver.a(i2c_masterinit_.o)
                              gcc/osram96x16.o (I2CMasterInit)
hw_include/libdriver.a(i2c_masterintstatus_.o)
                              gcc/osram96x16.o (I2CMasterIntStatus)
hw_include/libdriver.a(i2c_masterslaveaddrset_.o)
                              gcc/osram96x16.o (I2CMasterSlaveAddrSet)
hw_include/libdriver.a(interrupt_enable_.o)
                              gcc/main.o (IntEnable)
hw_include/libdriver.a(interrupt_priorityset_.o)
                              gcc/main.o (IntPrioritySet)
hw_include/libdriver.a(interrupt_pulregs_.o)
                              hw_include/libdriver.a(interrupt_priorityset_.o) (g_pulRegs)
hw_include/libdriver.a(sysctl_clockget_.o)
                              hw_include/libdriver.a(i2c_masterinit_.o) (SysCtlClockGet)
hw_include/libdriver.a(sysctl_clockset_.o)
                              gcc/main.o (SysCtlClockSet)
hw_include/libdriver.a(sysctl_peripheralenable_.o)
                              gcc/main.o (SysCtlPeripheralEnable)
hw_include/libdriver.a(sysctl_pulrcgcregs_.o)
                              hw_include/libdriver.a(sysctl_peripheralenable_.o) (g_pulRCGCRegs)
hw_include/libdriver.a(sysctl_pulxtals_.o)
                              hw_include/libdriver.a(sysctl_clockget_.o) (g_pulXtals)
hw_include/libdriver.a(uart_charput_.o)
                              gcc/main.o (UARTCharPut)
hw_include/libdriver.a(uart_configset_.o)
                              gcc/main.o (UARTConfigSet)
hw_include/libdriver.a(uart_disable_.o)
                              hw_include/libdriver.a(uart_configset_.o) (UARTDisable)
hw_include/libdriver.a(uart_enable_.o)
                              hw_include/libdriver.a(uart_configset_.o) (UARTEnable)
hw_include/libdriver.a(uart_intclear_.o)
                              gcc/main.o (UARTIntClear)
hw_include/libdriver.a(uart_intstatus_.o)
                              gcc/main.o (UARTIntStatus)
hw_include/libdriver.a(gpio_padconfigset_.o)
                              hw_include/libdriver.a(gpio_pintypei2c_.o) (GPIOPadConfigSet)
hw_include/libdriver.a(i2c_masterenable_.o)
                              hw_include/libdriver.a(i2c_masterinit_.o) (I2CMasterEnable)
/usr/lib/gcc/arm-none-eabi/10.3.1/../../../arm-none-eabi/lib/thumb/nofp/libc.a(lib_a-memcpy-stub.o)
                              gcc/queue.o (memcpy)
/usr/lib/gcc/arm-none-eabi/10.3.1/../../../arm-none-eabi/lib/thumb/nofp/libc.a(lib_a-memset.o)
                              gcc/main.o (memset)
/usr/lib/gcc/arm-none-eabi/10.3.1/../../../arm-none-eabi/lib/thumb/nofp/libc.a(lib_a-vsprintf.o)
                              gcc/main.o (vsprintf)
/usr/lib/gcc/arm-none-eabi/10.3.1/../../../arm-none-eabi/lib/thumb/nofp/libc.a(lib_a-impure.o)
                              /usr/lib/gcc/arm-none-eabi/10.3.1/../../../arm-none-eabi/lib/thumb/nofp/libc.a(lib_a-vsprintf.o) (_impure_ptr)
/usr/lib/gcc/arm-none-eabi/10.3.1/../../../arm-none-eabi/lib/thumb/nofp/libc.a(lib_a-svfprintf.o)
                              /usr/lib/gcc/arm-none-eabi/10.3.1/../../../arm-none-eabi/lib/thumb/nofp/libc.a(lib_a-vsprintf.o) (_svfprintf_r)
/usr/lib/gcc/arm-none-eabi/10.3.1/../../../arm-none-eabi/lib/thumb/nofp/libc.a(lib_a-dtoa.o)
                              /usr/lib/gcc/arm-none-eabi/10.3.1/../../../arm-none-eabi/lib/thumb/nofp/libc.a(lib_a-svfprintf.o) (_dtoa_r)
/usr/lib/gcc/arm-none-eabi/10.3.1/../../../arm-none-eabi/lib/thumb/nofp/libc.a(lib_a-localeconv.o)
                              /usr/lib/gcc/arm-none-eabi/10.3.1/../../../arm-none-eabi/lib/thumb/nofp/libc.a(lib_a-svfprintf.o) (_localeconv_r)
/usr/lib/gcc/arm-none-eabi/10.3.1/../../../arm-none-eabi/lib/thumb/nofp/libc.a(lib_a-mallocr.o)
                              /usr/lib/gcc/arm-none-eabi/10.3.1/../../../arm-none-eabi/lib/thumb/nofp/libc.a(lib_a-svfprintf.o) (_malloc_r)
/usr/lib/gcc/arm-none-eabi/10.3.1/../../../arm-none-eabi/lib/thumb/nofp/libc.a(lib_a-memchr-stub.o)
                              /usr/lib/gcc/arm-none-eabi/10.3.1/../../../arm-none-eabi/lib/thumb/nofp/libc.a(lib_a-svfprintf.o) (memchr)
/usr/lib/gcc/arm-none-eabi/10.3.1/../../../arm-none-eabi/lib/thumb/nofp/libc.a(lib_a-mlock.o)
[...]
Memory Configuration

Name             Origin             Length             Attributes
FLASH            0x0000000000000000 0x0000000000010000 xr
SRAM             0x0000000020000000 0x0000000000002000 xrw
EXIDX            0x0000000020020000 0x0000000000001000 r
*default*        0x0000000000000000 0xffffffffffffffff

Linker script and memory map


.text           0x0000000000000000     0xc3e9
 *(.isr_vector)
 .isr_vector    0x0000000000000000       0xb8 gcc/startup.o
                0x0000000000000000                g_pfnVectors
 *(.text*)
 .text          0x00000000000000b8       0x10 gcc/startup.o
                0x00000000000000c4                ResetISR
 .text          0x00000000000000c8      0x27c gcc/main.o
                0x0000000000000250                putchar
                0x0000000000000264                vUART_ISR
                0x00000000000002c8                vGPIO_ISR
                0x0000000000000308                imprimir
 .text.startup  0x0000000000000344      0x150 gcc/main.o
                0x0000000000000344                main
 .text          0x0000000000000494       0x90 gcc/list.o
                0x0000000000000494                vListInitialise
                0x00000000000004ac                vListInitialiseItem
                0x00000000000004b4                vListInsertEnd
                0x00000000000004d0                vListInsert
                0x0000000000000500                uxListRemove
 .text          0x0000000000000524      0x868 gcc/queue.o
                0x0000000000000610                xQueueGenericReset
                0x0000000000000694                xQueueGenericCreate
                0x00000000000006e0                xQueueGenericSend
                0x00000000000007f4                xQueueGenericSendFromISR
                0x0000000000000874                xQueueGiveFromISR
                0x00000000000008f0                xQueueReceive
                0x0000000000000a18                xQueueSemaphoreTake
                0x0000000000000b28                xQueuePeek
                0x0000000000000c48                xQueueReceiveFromISR
                0x0000000000000cdc                xQueuePeekFromISR
                0x0000000000000d24                uxQueueMessagesWaiting
                0x0000000000000d38                uxQueueSpacesAvailable
                0x0000000000000d50                uxQueueMessagesWaitingFromISR
                0x0000000000000d54                vQueueDelete
                0x0000000000000d58                uxQueueGetQueueNumber
                0x0000000000000d5c                vQueueSetQueueNumber
                0x0000000000000d60                ucQueueGetQueueType
                0x0000000000000d68                uxQueueGetQueueItemSize
                0x0000000000000d6c                uxQueueGetQueueLength
                0x0000000000000d70                xQueueIsQueueEmptyFromISR
                0x0000000000000d7c                xQueueIsQueueFullFromISR
 .text          0x0000000000000d8c     0x111c gcc/tasks.o
                0x0000000000000f3c                xTaskCreate
                0x00000000000010dc                eTaskGetState
                0x0000000000001128                vTaskStartScheduler
                0x000000000000119c                vTaskEndScheduler
                0x00000000000011bc                vTaskSuspendAll
                0x00000000000011d0                xTaskResumeAll
                0x000000000000132c                xTaskDelayUntil
                0x0000000000001384                vTaskDelay
                0x00000000000013bc                xTaskGetTickCount
                0x00000000000013c8                xTaskGetTickCountFromISR
                0x00000000000013d4                uxTaskGetNumberOfTasks
                0x00000000000013e0                pcTaskGetName
                0x00000000000013f4                xTaskCatchUpTicks
                0x0000000000001424                xTaskIncrementTick
                0x0000000000001440                vTaskSwitchContext
                0x0000000000001488                vTaskPlaceOnEventList
                0x00000000000014a4                vTaskPlaceOnUnorderedEventList
                0x00000000000014ec                xTaskRemoveFromEventList
                0x00000000000015b8                vTaskRemoveFromUnorderedEventList
                0x0000000000001654                vTaskSetTimeOutState
                0x0000000000001674                vTaskInternalSetTimeOutState
                0x0000000000001684                xTaskCheckForTimeOut
                0x00000000000016d4                vTaskMissedYield
                0x00000000000016e4                uxTaskGetTaskNumber
                0x00000000000016ec                vTaskSetTaskNumber
                0x00000000000016f4                vTaskGetInfo
                0x00000000000017c4                uxTaskGetSystemState
                0x0000000000001944                xTaskGetCurrentTaskHandle
                0x0000000000001950                xTaskGetCurrentTaskHandleForCore
                0x0000000000001960                uxTaskResetEventItemValue
                0x0000000000001978                ulTaskGenericNotifyTake
                0x0000000000001a20                xTaskGenericNotifyWait
                0x0000000000001aec                xTaskGenericNotify
                0x0000000000001bf0                xTaskGenericNotifyFromISR
                0x0000000000001d24                vTaskGenericNotifyGiveFromISR
                0x0000000000001e18                xTaskGenericNotifyStateClear
                0x0000000000001e4c                ulTaskGenericNotifyValueClear
                0x0000000000001e7c                vTaskResetState
 .text          0x0000000000001ea8      0x1a0 gcc/port.o
                0x0000000000001ee8                pxPortInitialiseStack
                0x0000000000001f0c                vPortSVCHandler
                0x0000000000001f30                vPortEndScheduler
                0x0000000000001f34                vPortEnterCritical
                0x0000000000001f54                vPortExitCritical
                0x0000000000001f68                xPortPendSVHandler
                0x0000000000001fac                xPortSysTickHandler
                0x0000000000001fd8                vPortSetupTimerInterrupt
                0x0000000000001ff0                xPortStartScheduler
 .text          0x0000000000002048       0x9c gcc/heap_1.o
                0x0000000000002048                pvPortMalloc
                0x00000000000020b8                vPortFree
                0x00000000000020bc                vPortInitialiseBlocks
                0x00000000000020c8                xPortGetFreeHeapSize
                0x00000000000020d8                vPortHeapResetState
 .text          0x00000000000020e4      0x200 gcc/BlockQ.o
                0x000000000000215c                vStartBlockingQueueTasks
                0x0000000000002298                xAreBlockingQueuesStillRunning
 .text          0x00000000000022e4      0x128 gcc/PollQ.o
                0x000000000000239c                vStartPolledQueueTasks
                0x00000000000023f0                xArePollingQueuesStillRunning
 .text          0x000000000000240c       0x9c gcc/integer.o
                0x000000000000246c                vStartIntegerMathTasks
                0x0000000000002494                xAreIntegerMathsTaskStillRunning
 .text          0x00000000000024a8      0x1d8 gcc/semtest.o
                0x0000000000002578                vStartSemaphoreTasks
                0x000000000000264c                xAreSemaphoreTasksStillRunning
 .text          0x0000000000002680      0x688 gcc/osram96x16.o
                0x0000000000002710                OSRAMClear
                0x0000000000002818                OSRAMStringDraw
                0x00000000000029fc                OSRAMImageDraw
                0x0000000000002b4c                OSRAMInit
                0x0000000000002be8                OSRAMDisplayOn
                0x0000000000002c48                OSRAMDisplayOff
 .text          0x0000000000002d08       0x70 gcc/sys_cfg.o
                0x0000000000002d08                _close
                0x0000000000002d10                _fstat
                0x0000000000002d1c                _isatty
                0x0000000000002d20                _lseek
                0x0000000000002d24                _read
                0x0000000000002d28                _write
                0x0000000000002d4c                _sbrk
                0x0000000000002d68                _exit
                0x0000000000002d6c                _kill
                0x0000000000002d74                _getpid
 .text          0x0000000000002d78       0x48 hw_include/libdriver.a(gpio_dirmodeset_.o)
                0x0000000000002d78                GPIODirModeSet
 .text          0x0000000000002dc0       0x74 hw_include/libdriver.a(gpio_inttypeset_.o)
                0x0000000000002dc0                GPIOIntTypeSet
 .text          0x0000000000002e34        0x8 hw_include/libdriver.a(gpio_pinintclear_.o)
                0x0000000000002e34                GPIOPinIntClear
 .text          0x0000000000002e3c        0xc hw_include/libdriver.a(gpio_pinintenable_.o)
                0x0000000000002e3c                GPIOPinIntEnable
 .text          0x0000000000002e48       0x20 hw_include/libdriver.a(gpio_pintypei2c_.o)
                0x0000000000002e48                GPIOPinTypeI2C
 .text          0x0000000000002e68        0x4 hw_include/libdriver.a(i2c_mastercontrol_.o)
                0x0000000000002e68                I2CMasterControl
 .text          0x0000000000002e6c        0x4 hw_include/libdriver.a(i2c_masterdataput_.o)
                0x0000000000002e6c                I2CMasterDataPut
 .text          0x0000000000002e70       0x34 hw_include/libdriver.a(i2c_masterinit_.o)
                0x0000000000002e70                I2CMasterInit
 .text          0x0000000000002ea4       0x18 hw_include/libdriver.a(i2c_masterintstatus_.o)
                0x0000000000002ea4                I2CMasterIntStatus
 .text          0x0000000000002ebc        0x8 hw_include/libdriver.a(i2c_masterslaveaddrset_.o)
                0x0000000000002ebc                I2CMasterSlaveAddrSet
 .text          0x0000000000002ec4       0x5c hw_include/libdriver.a(interrupt_enable_.o)
                0x0000000000002ec4                IntEnable
 .text          0x0000000000002f20       0x30 hw_include/libdriver.a(interrupt_priorityset_.o)
                0x0000000000002f20                IntPrioritySet
 .text          0x0000000000002f50        0x0 hw_include/libdriver.a(interrupt_pulregs_.o)
 .text          0x0000000000002f50       0x90 hw_include/libdriver.a(sysctl_clockget_.o)
                0x0000000000002f50                SysCtlClockGet
 .text          0x0000000000002fe0       0xcc hw_include/libdriver.a(sysctl_clockset_.o)
                0x0000000000002fe0                SysCtlClockSet
 .text          0x00000000000030ac       0x1c hw_include/libdriver.a(sysctl_peripheralenable_.o)
                0x00000000000030ac                SysCtlPeripheralEnable
 .text          0x00000000000030c8        0x0 hw_include/libdriver.a(sysctl_pulrcgcregs_.o)
 .text          0x00000000000030c8        0x0 hw_include/libdriver.a(sysctl_pulxtals_.o)
 .text          0x00000000000030c8       0x10 hw_include/libdriver.a(uart_charput_.o)
                0x00000000000030c8                UARTCharPut
 .text          0x00000000000030d8       0x38 hw_include/libdriver.a(uart_configset_.o)
                0x00000000000030d8                UARTConfigSet
 .text          0x0000000000003110       0x24 hw_include/libdriver.a(uart_disable_.o)
                0x0000000000003110                UARTDisable
 .text          0x0000000000003134       0x18 hw_include/libdriver.a(uart_enable_.o)
                0x0000000000003134                UARTEnable
 .text          0x000000000000314c        0x4 hw_include/libdriver.a(uart_intclear_.o)
                0x000000000000314c                UARTIntClear
 .text          0x0000000000003150        0xc hw_include/libdriver.a(uart_intstatus_.o)
                0x0000000000003150                UARTIntStatus
 .text          0x000000000000315c      0x11c hw_include/libdriver.a(gpio_padconfigset_.o)
                0x000000000000315c                GPIOPadConfigSet
 .text          0x0000000000003278        0xc hw_include/libdriver.a(i2c_masterenable_.o)
                0x0000000000003278                I2CMasterEnable
 .text          0x0000000000003284       0xa8 /usr/lib/gcc/arm-none-eabi/10.3.1/../../../arm-none-eabi/lib/thumb/nofp/libc.a(lib_a-memcpy-stub.o)
                0x0000000000003284                memcpy
 .text          0x000000000000332c       0xb0 /usr/lib/gcc/arm-none-eabi/10.3.1/../../../arm-none-eabi/lib/thumb/nofp/libc.a(lib_a-memset.o)
                0x000000000000332c                memset
 .text          0x00000000000033dc       0x68 /usr/lib/gcc/arm-none-eabi/10.3.1/../../../arm-none-eabi/lib/thumb/nofp/libc.a(lib_a-vsprintf.o)
                0x00000000000033dc                vsprintf
                0x0000000000003418                _vsprintf_r
 .text          0x0000000000003444        0x0 /usr/lib/gcc/arm-none-eabi/10.3.1/../../../arm-none-eabi/lib/thumb/nofp/libc.a(lib_a-impure.o)
 .text          0x0000000000003444     0x1660 /usr/lib/gcc/arm-none-eabi/10.3.1/../../../arm-none-eabi/lib/thumb/nofp/libc.a(lib_a-svfprintf.o)
                0x0000000000003444                _svfprintf_r
 .text          0x0000000000004aa4     0x1168 /usr/lib/gcc/arm-none-eabi/10.3.1/../../../arm-none-eabi/lib/thumb/nofp/libc.a(lib_a-dtoa.o)
                0x0000000000004bf0                _dtoa_r
 .text          0x0000000000005c0c       0x14 /usr/lib/gcc/arm-none-eabi/10.3.1/../../../arm-none-eabi/lib/thumb/nofp/libc.a(lib_a-localeconv.o)
                0x0000000000005c0c                __localeconv_l
                0x0000000000005c10                _localeconv_r
                0x0000000000005c18                localeconv
 .text          0x0000000000005c20      0x580 /usr/lib/gcc/arm-none-eabi/10.3.1/../../../arm-none-eabi/lib/thumb/nofp/libc.a(lib_a-mallocr.o)
                0x0000000000005c20                _malloc_r
 .text          0x00000000000061a0       0x78 /usr/lib/gcc/arm-none-eabi/10.3.1/../../../arm-none-eabi/lib/thumb/nofp/libc.a(lib_a-memchr-stub.o)
                0x00000000000061a0                memchr
 .text          0x0000000000006218        0x8 /usr/lib/gcc/arm-none-eabi/10.3.1/../../../arm-none-eabi/lib/thumb/nofp/libc.a(lib_a-mlock.o)
                0x0000000000006218                __malloc_lock
                0x000000000000621c                __malloc_unlock
 .text          0x0000000000006220      0xb38 /usr/lib/gcc/arm-none-eabi/10.3.1/../../../arm-none-eabi/lib/thumb/nofp/libc.a(lib_a-mprec.o)
                0x0000000000006220                _Balloc
                0x0000000000006274                _Bfree
                0x0000000000006288                __multadd
                0x0000000000006334                __s2b
                0x00000000000063e8                __hi0bits
                0x0000000000006420                __lo0bits
                0x000000000000647c                __i2b
                0x00000000000064e0                __multiply
                0x0000000000006688                __pow5mult
                0x0000000000006764                __lshift
                0x0000000000006864                __mcmp
                0x000000000000689c                __mdiff
                0x0000000000006a2c                __ulp
                0x0000000000006a74                __b2d
                0x0000000000006b40                __d2b
                0x0000000000006c1c                __ratio
                0x0000000000006c88                _mprec_log10
                0x0000000000006cc0                __copybits
                0x0000000000006d04                __any_on
 .text          0x0000000000006d58       0x28 /usr/lib/gcc/arm-none-eabi/10.3.1/../../../arm-none-eabi/lib/thumb/nofp/libc.a(lib_a-sbrkr.o)
                0x0000000000006d58                _sbrk_r
 .text          0x0000000000006d80       0x60 /usr/lib/gcc/arm-none-eabi/10.3.1/../../../arm-none-eabi/lib/thumb/nofp/libc.a(lib_a-strlen-stub.o)
                0x0000000000006d80                strlen
 .text          0x0000000000006de0      0xbf4 /usr/lib/gcc/arm-none-eabi/10.3.1/../../../arm-none-eabi/lib/thumb/nofp/libc.a(lib_a-svfiprintf.o)
                0x0000000000006de0                __ssprint_r
                0x0000000000006ef8                _svfiprintf_r
 .text          0x00000000000079d4       0x4c /usr/lib/gcc/arm-none-eabi/10.3.1/../../../arm-none-eabi/lib/thumb/nofp/libc.a(lib_a-assert.o)
                0x00000000000079d4                __assert_func
                0x0000000000007a14                __assert
 .text          0x0000000000007a20       0x60 /usr/lib/gcc/arm-none-eabi/10.3.1/../../../arm-none-eabi/lib/thumb/nofp/libc.a(lib_a-callocr.o)
                0x0000000000007a20                _calloc_r
 .text          0x0000000000007a80       0x3c /usr/lib/gcc/arm-none-eabi/10.3.1/../../../arm-none-eabi/lib/thumb/nofp/libc.a(lib_a-fiprintf.o)
                0x0000000000007a80                _fiprintf_r
                0x0000000000007a98                fiprintf
 .text          0x0000000000007abc      0x268 /usr/lib/gcc/arm-none-eabi/10.3.1/../../../arm-none-eabi/lib/thumb/nofp/libc.a(lib_a-freer.o)
                0x0000000000007abc                _malloc_trim_r
                0x0000000000007b5c                _free_r
 .text          0x0000000000007d24       0xa0 /usr/lib/gcc/arm-none-eabi/10.3.1/../../../arm-none-eabi/lib/thumb/nofp/libc.a(lib_a-locale.o)
                0x0000000000007d24                _setlocale_r
                0x0000000000007d6c                __locale_mb_cur_max
                0x0000000000007d7c                setlocale
 .text          0x0000000000007dc4       0x50 /usr/lib/gcc/arm-none-eabi/10.3.1/../../../arm-none-eabi/lib/thumb/nofp/libc.a(lib_a-mbtowc_r.o)
                0x0000000000007dc4                _mbtowc_r
                0x0000000000007de4                __ascii_mbtowc
 .text          0x0000000000007e14       0xbc /usr/lib/gcc/arm-none-eabi/10.3.1/../../../arm-none-eabi/lib/thumb/nofp/libc.a(lib_a-memmove.o)
                0x0000000000007e14                memmove
 .text          0x0000000000007ed0      0x3e4 /usr/lib/gcc/arm-none-eabi/10.3.1/../../../arm-none-eabi/lib/thumb/nofp/libc.a(lib_a-reallocr.o)
                0x0000000000007ed0                _realloc_r
 .text          0x00000000000082b4      0x100 /usr/lib/gcc/arm-none-eabi/10.3.1/../../../arm-none-eabi/lib/thumb/nofp/libc.a(lib_a-reent.o)
                0x00000000000082b4                cleanup_glue
                0x0000000000008308                _reclaim_reent
 .text          0x00000000000083b4      0x224 /usr/lib/gcc/arm-none-eabi/10.3.1/../../../arm-none-eabi/lib/thumb/nofp/libc.a(lib_a-strcmp.o)
                0x00000000000083b4                strcmp
 .text          0x00000000000085d8      0xdf0 /usr/lib/gcc/arm-none-eabi/10.3.1/../../../arm-none-eabi/lib/thumb/nofp/libc.a(lib_a-vfiprintf.o)
                0x0000000000008664                __sprint_r
                0x000000000000867c                _vfiprintf_r
                0x0000000000009334                vfiprintf
 .text          0x00000000000093c8       0x38 /usr/lib/gcc/arm-none-eabi/10.3.1/../../../arm-none-eabi/lib/thumb/nofp/libc.a(lib_a-wctomb_r.o)
                0x00000000000093c8                _wctomb_r
                0x00000000000093e0                __ascii_wctomb
 .text          0x0000000000009400       0xe8 /usr/lib/gcc/arm-none-eabi/10.3.1/../../../arm-none-eabi/lib/thumb/nofp/libc.a(lib_a-wsetup.o)
                0x0000000000009400                __swsetup_r
 .text          0x00000000000094e8       0x10 /usr/lib/gcc/arm-none-eabi/10.3.1/../../../arm-none-eabi/lib/thumb/nofp/libc.a(lib_a-abort.o)
                0x00000000000094e8                abort
 .text          0x00000000000094f8        0x0 /usr/lib/gcc/arm-none-eabi/10.3.1/../../../arm-none-eabi/lib/thumb/nofp/libc.a(lib_a-ctype_.o)
 .text          0x00000000000094f8      0x1f4 /usr/lib/gcc/arm-none-eabi/10.3.1/../../../arm-none-eabi/lib/thumb/nofp/libc.a(lib_a-fflush.o)
                0x00000000000094f8                __sflush_r
                0x0000000000009660                _fflush_r
                0x0000000000009690                fflush
 .text          0x00000000000096ec      0x268 /usr/lib/gcc/arm-none-eabi/10.3.1/../../../arm-none-eabi/lib/thumb/nofp/libc.a(lib_a-findfp.o)
                0x00000000000096f0                _cleanup_r
                0x00000000000097f4                __sfmoreglue
                0x0000000000009828                __sfp
                0x00000000000098dc                _cleanup
                0x00000000000098f8                __sinit
                0x000000000000990c                __sfp_lock_acquire
                0x0000000000009910                __sfp_lock_release
                0x0000000000009914                __sinit_lock_acquire
                0x0000000000009918                __sinit_lock_release
                0x000000000000991c                __fp_lock_all
                0x0000000000009938                __fp_unlock_all
 .text          0x0000000000009954      0x120 /usr/lib/gcc/arm-none-eabi/10.3.1/../../../arm-none-eabi/lib/thumb/nofp/libc.a(lib_a-fputwc.o)
                0x0000000000009954                __fputwc
                0x0000000000009a08                _fputwc_r
                0x0000000000009a2c                fputwc
 .text          0x0000000000009a74      0x31c /usr/lib/gcc/arm-none-eabi/10.3.1/../../../arm-none-eabi/lib/thumb/nofp/libc.a(lib_a-fvwrite.o)
                0x0000000000009a74                __sfvwrite_r
 .text          0x0000000000009d90       0x9c /usr/lib/gcc/arm-none-eabi/10.3.1/../../../arm-none-eabi/lib/thumb/nofp/libc.a(lib_a-fwalk.o)
                0x0000000000009d90                _fwalk
                0x0000000000009dd8                _fwalk_reent
 .text          0x0000000000009e2c      0x150 /usr/lib/gcc/arm-none-eabi/10.3.1/../../../arm-none-eabi/lib/thumb/nofp/libc.a(lib_a-makebuf.o)
                0x0000000000009e2c                __smakebuf_r
                0x0000000000009f18                __swhatbuf_r
 .text          0x0000000000009f7c      0x2cc /usr/lib/gcc/arm-none-eabi/10.3.1/../../../arm-none-eabi/lib/thumb/nofp/libc.a(lib_a-signal.o)
                0x0000000000009f7c                _init_signal_r
                0x0000000000009fb4                _signal_r
                0x000000000000a010                _raise_r
                0x000000000000a070                __sigtramp_r
                0x000000000000a0d8                raise
                0x000000000000a13c                signal
                0x000000000000a194                _init_signal
                0x000000000000a1d4                __sigtramp
 .text          0x000000000000a248       0x38 /usr/lib/gcc/arm-none-eabi/10.3.1/../../../arm-none-eabi/lib/thumb/nofp/libc.a(lib_a-signalr.o)
                0x000000000000a248                _kill_r
                0x000000000000a274                _getpid_r
 .text          0x000000000000a280       0xb4 /usr/lib/gcc/arm-none-eabi/10.3.1/../../../arm-none-eabi/lib/thumb/nofp/libc.a(lib_a-stdio.o)
                0x000000000000a280                __sread
                0x000000000000a2ac                __seofread
                0x000000000000a2b0                __swrite
                0x000000000000a2f4                __sseek
                0x000000000000a324                __sclose
 .text          0x000000000000a334       0xf0 /usr/lib/gcc/arm-none-eabi/10.3.1/../../../arm-none-eabi/lib/thumb/nofp/libc.a(lib_a-wbuf.o)
                0x000000000000a334                __swbuf_r
                0x000000000000a408                __swbuf
 .text          0x000000000000a424       0x98 /usr/lib/gcc/arm-none-eabi/10.3.1/../../../arm-none-eabi/lib/thumb/nofp/libc.a(lib_a-wcrtomb.o)
                0x000000000000a424                _wcrtomb_r
                0x000000000000a46c                wcrtomb
 .text          0x000000000000a4bc       0x2c /usr/lib/gcc/arm-none-eabi/10.3.1/../../../arm-none-eabi/lib/thumb/nofp/libc.a(lib_a-writer.o)
                0x000000000000a4bc                _write_r
 .text          0x000000000000a4e8       0x28 /usr/lib/gcc/arm-none-eabi/10.3.1/../../../arm-none-eabi/lib/thumb/nofp/libc.a(lib_a-closer.o)
                0x000000000000a4e8                _close_r
 .text          0x000000000000a510       0xf8 /usr/lib/gcc/arm-none-eabi/10.3.1/../../../arm-none-eabi/lib/thumb/nofp/libc.a(lib_a-fclose.o)
                0x000000000000a584                _fclose_r
                0x000000000000a5c0                fclose
 .text          0x000000000000a608       0x2c /usr/lib/gcc/arm-none-eabi/10.3.1/../../../arm-none-eabi/lib/thumb/nofp/libc.a(lib_a-fstatr.o)
                0x000000000000a608                _fstat_r
 .text          0x000000000000a634       0x28 /usr/lib/gcc/arm-none-eabi/10.3.1/../../../arm-none-eabi/lib/thumb/nofp/libc.a(lib_a-isattyr.o)
                0x000000000000a634                _isatty_r
 .text          0x000000000000a65c       0x2c /usr/lib/gcc/arm-none-eabi/10.3.1/../../../arm-none-eabi/lib/thumb/nofp/libc.a(lib_a-lseekr.o)
                0x000000000000a65c                _lseek_r
 .text          0x000000000000a688       0x2c /usr/lib/gcc/arm-none-eabi/10.3.1/../../../arm-none-eabi/lib/thumb/nofp/libc.a(lib_a-readr.o)
                0x000000000000a688                _read_r
 .text          0x000000000000a6b4      0x290 /usr/lib/gcc/arm-none-eabi/10.3.1/thumb/nofp/libgcc.a(_arm_muldf3.o)
 .text          0x000000000000a944      0x11c /usr/lib/gcc/arm-none-eabi/10.3.1/thumb/nofp/libgcc.a(_udivsi3.o)
                0x000000000000a944                __udivsi3
                0x000000000000a944                __aeabi_uidiv
                0x000000000000aa40                __aeabi_uidivmod
 .text          0x000000000000aa60      0x150 /usr/lib/gcc/arm-none-eabi/10.3.1/thumb/nofp/libgcc.a(_divsi3.o)
                0x000000000000aa60                __aeabi_idiv
                0x000000000000aa60                __divsi3
                0x000000000000ab90                __aeabi_idivmod
 .text          0x000000000000abb0        0x4 /usr/lib/gcc/arm-none-eabi/10.3.1/thumb/nofp/libgcc.a(_dvmd_tls.o)
                0x000000000000abb0                __aeabi_ldiv0
                0x000000000000abb0                __aeabi_idiv0
 .text          0x000000000000abb4      0x424 /usr/lib/gcc/arm-none-eabi/10.3.1/thumb/nofp/libgcc.a(_arm_addsubdf3.o)
                0x000000000000abb4                __aeabi_drsub
                0x000000000000abbc                __aeabi_dsub
                0x000000000000abbc                __subdf3
                0x000000000000abc0                __adddf3
                0x000000000000abc0                __aeabi_dadd
                0x000000000000aed0                __aeabi_ui2d
                0x000000000000aed0                __floatunsidf
                0x000000000000aef4                __floatsidf
                0x000000000000aef4                __aeabi_i2d
                0x000000000000af1c                __extendsfdf2
                0x000000000000af1c                __aeabi_f2d
                0x000000000000af64                __aeabi_ul2d
                0x000000000000af64                __floatundidf
                0x000000000000af78                __floatdidf
                0x000000000000af78                __aeabi_l2d
 .text          0x000000000000afd8      0x49c /usr/lib/gcc/arm-none-eabi/10.3.1/thumb/nofp/libgcc.a(_arm_muldivdf3.o)
                0x000000000000afd8                __aeabi_dmul
                0x000000000000afd8                __muldf3
                0x000000000000b268                __aeabi_ddiv
                0x000000000000b268                __divdf3
 .text          0x000000000000b474      0x144 /usr/lib/gcc/arm-none-eabi/10.3.1/thumb/nofp/libgcc.a(_arm_cmpdf2.o)
                0x000000000000b474                __gtdf2
                0x000000000000b474                __gedf2
                0x000000000000b47c                __ltdf2
                0x000000000000b47c                __ledf2
                0x000000000000b484                __cmpdf2
                0x000000000000b484                __eqdf2
                0x000000000000b484                __nedf2
                0x000000000000b50c                __aeabi_cdrcmple
                0x000000000000b528                __aeabi_cdcmple
                0x000000000000b528                __aeabi_cdcmpeq
                0x000000000000b540                __aeabi_dcmpeq
                0x000000000000b558                __aeabi_dcmplt
                0x000000000000b570                __aeabi_dcmple
                0x000000000000b588                __aeabi_dcmpge
                0x000000000000b5a0                __aeabi_dcmpgt
 .text          0x000000000000b5b8       0x38 /usr/lib/gcc/arm-none-eabi/10.3.1/thumb/nofp/libgcc.a(_arm_unorddf2.o)
                0x000000000000b5b8                __aeabi_dcmpun
                0x000000000000b5b8                __unorddf2
 .text          0x000000000000b5f0       0x5c /usr/lib/gcc/arm-none-eabi/10.3.1/thumb/nofp/libgcc.a(_arm_fixdfsi.o)
                0x000000000000b5f0                __fixdfsi
                0x000000000000b5f0                __aeabi_d2iz
 .text          0x000000000000b64c       0x3c /usr/lib/gcc/arm-none-eabi/10.3.1/thumb/nofp/libgcc.a(_aeabi_uldivmod.o)
                0x000000000000b64c                __aeabi_uldivmod
 .text          0x000000000000b688      0x19c /usr/lib/gcc/arm-none-eabi/10.3.1/thumb/nofp/libgcc.a(_udivmoddi4.o)
                0x000000000000b688                __udivmoddi4
 .text          0x000000000000b824       0x28 /usr/lib/gcc/arm-none-eabi/10.3.1/thumb/nofp/libgcc.a(_clzdi2.o)
                0x000000000000b824                __clzdi2
 .text          0x000000000000b84c       0x48 /usr/lib/gcc/arm-none-eabi/10.3.1/thumb/nofp/libgcc.a(_clzsi2.o)
                0x000000000000b84c                __clzsi2
 *fill*         0x000000000000b894        0x4 
 .text.__stub   0x000000000000b898       0x10 linker stubs
 *(.rodata*)
 .rodata.str1.4
                0x000000000000b8a8       0x38 gcc/main.o
 .rodata.str1.4
                0x000000000000b8e0       0x30 gcc/BlockQ.o
 .rodata.str1.4
                0x000000000000b910       0x10 gcc/PollQ.o
 .rodata.str1.4
                0x000000000000b920        0x8 gcc/integer.o
 .rodata.str1.4
                0x000000000000b928       0x20 gcc/semtest.o
 .rodata        0x000000000000b948      0x25d gcc/osram96x16.o
 *fill*         0x000000000000bba5        0x3 
 .rodata        0x000000000000bba8       0x30 hw_include/libdriver.a(interrupt_pulregs_.o)
                0x000000000000bba8                g_pulRegs
 .rodata        0x000000000000bbd8        0xc hw_include/libdriver.a(sysctl_pulrcgcregs_.o)
                0x000000000000bbd8                g_pulRCGCRegs
 .rodata        0x000000000000bbe4       0x30 hw_include/libdriver.a(sysctl_pulxtals_.o)
                0x000000000000bbe4                g_pulXtals
 .rodata        0x000000000000bc14        0x4 /usr/lib/gcc/arm-none-eabi/10.3.1/../../../arm-none-eabi/lib/thumb/nofp/libc.a(lib_a-impure.o)
                0x000000000000bc14                _global_impure_ptr
 .rodata.str1.4
                0x000000000000bc18       0x42 /usr/lib/gcc/arm-none-eabi/10.3.1/../../../arm-none-eabi/lib/thumb/nofp/libc.a(lib_a-svfprintf.o)
 *fill*         0x000000000000bc5a        0x2 
 .rodata        0x000000000000bc5c      0x184 /usr/lib/gcc/arm-none-eabi/10.3.1/../../../arm-none-eabi/lib/thumb/nofp/libc.a(lib_a-svfprintf.o)
 .rodata.str1.4
                0x000000000000bde0       0x53 /usr/lib/gcc/arm-none-eabi/10.3.1/../../../arm-none-eabi/lib/thumb/nofp/libc.a(lib_a-dtoa.o)
                                         0x57 (size before relaxing)
 *fill*         0x000000000000be33        0x1 
 .rodata.str1.4
                0x000000000000be34       0x30 /usr/lib/gcc/arm-none-eabi/10.3.1/../../../arm-none-eabi/lib/thumb/nofp/libc.a(lib_a-mprec.o)
                                         0x44 (size before relaxing)
 *fill*         0x000000000000be64        0x4 
 .rodata        0x000000000000be68      0x128 /usr/lib/gcc/arm-none-eabi/10.3.1/../../../arm-none-eabi/lib/thumb/nofp/libc.a(lib_a-mprec.o)
                0x000000000000be78                __mprec_tinytens
                0x000000000000bea0                __mprec_bigtens
                0x000000000000bec8                __mprec_tens
 .rodata.str1.4
                0x000000000000bf90       0x2f /usr/lib/gcc/arm-none-eabi/10.3.1/../../../arm-none-eabi/lib/thumb/nofp/libc.a(lib_a-svfiprintf.o)
 .rodata        0x000000000000bf90      0x184 /usr/lib/gcc/arm-none-eabi/10.3.1/../../../arm-none-eabi/lib/thumb/nofp/libc.a(lib_a-svfiprintf.o)
 .rodata.str1.4
                0x000000000000c114       0x3f /usr/lib/gcc/arm-none-eabi/10.3.1/../../../arm-none-eabi/lib/thumb/nofp/libc.a(lib_a-assert.o)
                                         0x43 (size before relaxing)
 *fill*         0x000000000000c153        0x1 
 .rodata.str1.4
                0x000000000000c154        0xe /usr/lib/gcc/arm-none-eabi/10.3.1/../../../arm-none-eabi/lib/thumb/nofp/libc.a(lib_a-locale.o)
                                         0x12 (size before relaxing)
 .rodata.str1.4
                0x000000000000c162       0x2f /usr/lib/gcc/arm-none-eabi/10.3.1/../../../arm-none-eabi/lib/thumb/nofp/libc.a(lib_a-vfiprintf.o)
 *fill*         0x000000000000c162        0x2 
 .rodata        0x000000000000c164      0x184 /usr/lib/gcc/arm-none-eabi/10.3.1/../../../arm-none-eabi/lib/thumb/nofp/libc.a(lib_a-vfiprintf.o)
 .rodata        0x000000000000c2e8      0x101 /usr/lib/gcc/arm-none-eabi/10.3.1/../../../arm-none-eabi/lib/thumb/nofp/libc.a(lib_a-ctype_.o)
                0x000000000000c2e8                _ctype_
                0x000000000000c3e9                _etext = .

.ARM.extab      0x000000000000c3e9        0x0
 .ARM.extab     0x000000000000c3e9        0x0 /usr/lib/gcc/arm-none-eabi/10.3.1/thumb/nofp/libgcc.a(_udivmoddi4.o)

.glue_7         0x000000000000c3ec        0x0
 .glue_7        0x000000000000c3ec        0x0 linker stubs

.glue_7t        0x000000000000c3ec        0x0
 .glue_7t       0x000000000000c3ec        0x0 linker stubs

.vfp11_veneer   0x000000000000c3ec        0x0
 .vfp11_veneer  0x000000000000c3ec        0x0 linker stubs

.v4_bx          0x000000000000c3ec        0x0
 .v4_bx         0x000000000000c3ec        0x0 linker stubs

.iplt           0x000000000000c3ec        0x0
 .iplt          0x000000000000c3ec        0x0 gcc/startup.o

.data           0x0000000020000000      0x9bc load address 0x000000000000c3e9
                0x0000000020000000                _data = .
 *(vtable)
 *(.data)
 .data          0x0000000020000000        0x0 gcc/startup.o
 .data          0x0000000020000000        0x4 gcc/main.o
                0x0000000020000000                valor_ventana
 .data          0x0000000020000004        0x0 gcc/list.o
 .data          0x0000000020000004        0x0 gcc/queue.o
 .data          0x0000000020000004        0x4 gcc/tasks.o
 .data          0x0000000020000008        0x4 gcc/port.o
 .data          0x000000002000000c        0x0 gcc/heap_1.o
 .data          0x000000002000000c        0x0 gcc/BlockQ.o
 .data          0x000000002000000c        0x0 gcc/PollQ.o
 .data          0x000000002000000c        0x0 gcc/integer.o
 .data          0x000000002000000c        0x0 gcc/semtest.o
 .data          0x000000002000000c        0x0 gcc/osram96x16.o
 .data          0x000000002000000c        0x0 gcc/sys_cfg.o
 .data          0x000000002000000c        0x0 hw_include/libdriver.a(gpio_dirmodeset_.o)
 .data          0x000000002000000c        0x0 hw_include/libdriver.a(gpio_inttypeset_.o)
 .data          0x000000002000000c        0x0 hw_include/libdriver.a(gpio_pinintclear_.o)
 .data          0x000000002000000c        0x0 hw_include/libdriver.a(gpio_pinintenable_.o)
 .data          0x000000002000000c        0x0 hw_include/libdriver.a(gpio_pintypei2c_.o)
 .data          0x000000002000000c        0x0 hw_include/libdriver.a(i2c_mastercontrol_.o)
 .data          0x000000002000000c        0x0 hw_include/libdriver.a(i2c_masterdataput_.o)
 .data          0x000000002000000c        0x0 hw_include/libdriver.a(i2c_masterinit_.o)
 .data          0x000000002000000c        0x0 hw_include/libdriver.a(i2c_masterintstatus_.o)
 .data          0x000000002000000c        0x0 hw_include/libdriver.a(i2c_masterslaveaddrset_.o)
 .data          0x000000002000000c        0x0 hw_include/libdriver.a(interrupt_enable_.o)
 .data          0x000000002000000c        0x0 hw_include/libdriver.a(interrupt_priorityset_.o)
 .data          0x000000002000000c        0x0 hw_include/libdriver.a(interrupt_pulregs_.o)
 .data          0x000000002000000c        0x0 hw_include/libdriver.a(sysctl_clockget_.o)
 .data          0x000000002000000c        0x0 hw_include/libdriver.a(sysctl_clockset_.o)
 .data          0x000000002000000c        0x0 hw_include/libdriver.a(sysctl_peripheralenable_.o)
 .data          0x000000002000000c        0x0 hw_include/libdriver.a(sysctl_pulrcgcregs_.o)
 .data          0x000000002000000c        0x0 hw_include/libdriver.a(sysctl_pulxtals_.o)
 .data          0x000000002000000c        0x0 hw_include/libdriver.a(uart_charput_.o)
 .data          0x000000002000000c        0x0 hw_include/libdriver.a(uart_configset_.o)
 .data          0x000000002000000c        0x0 hw_include/libdriver.a(uart_disable_.o)
 .data          0x000000002000000c        0x0 hw_include/libdriver.a(uart_enable_.o)
 .data          0x000000002000000c        0x0 hw_include/libdriver.a(uart_intclear_.o)
 .data          0x000000002000000c        0x0 hw_include/libdriver.a(uart_intstatus_.o)
 .data          0x000000002000000c        0x0 hw_include/libdriver.a(gpio_padconfigset_.o)
 .data          0x000000002000000c        0x0 hw_include/libdriver.a(i2c_masterenable_.o)
 .data          0x000000002000000c        0x0 /usr/lib/gcc/arm-none-eabi/10.3.1/../../../arm-none-eabi/lib/thumb/nofp/libc.a(lib_a-memcpy-stub.o)
 .data          0x000000002000000c        0x0 /usr/lib/gcc/arm-none-eabi/10.3.1/../../../arm-none-eabi/lib/thumb/nofp/libc.a(lib_a-memset.o)
 .data          0x000000002000000c        0x0 /usr/lib/gcc/arm-none-eabi/10.3.1/../../../arm-none-eabi/lib/thumb/nofp/libc.a(lib_a-vsprintf.o)
 *fill*         0x000000002000000c        0x4 
 .data          0x0000000020000010      0x430 /usr/lib/gcc/arm-none-eabi/10.3.1/../../../arm-none-eabi/lib/thumb/nofp/libc.a(lib_a-impure.o)
                0x0000000020000010                _impure_ptr
 .data          0x0000000020000440        0x0 /usr/lib/gcc/arm-none-eabi/10.3.1/../../../arm-none-eabi/lib/thumb/nofp/libc.a(lib_a-svfprintf.o)
 .data          0x0000000020000440        0x0 /usr/lib/gcc/arm-none-eabi/10.3.1/../../../arm-none-eabi/lib/thumb/nofp/libc.a(lib_a-dtoa.o)
 .data          0x0000000020000440        0x0 /usr/lib/gcc/arm-none-eabi/10.3.1/../../../arm-none-eabi/lib/thumb/nofp/libc.a(lib_a-localeconv.o)
 .data          0x0000000020000440      0x410 /usr/lib/gcc/arm-none-eabi/10.3.1/../../../arm-none-eabi/lib/thumb/nofp/libc.a(lib_a-mallocr.o)
                0x0000000020000440                __malloc_sbrk_base
                0x0000000020000444                __malloc_trim_threshold
                0x0000000020000448                __malloc_av_
 .data          0x0000000020000850        0x0 /usr/lib/gcc/arm-none-eabi/10.3.1/../../../arm-none-eabi/lib/thumb/nofp/libc.a(lib_a-memchr-stub.o)
 .data          0x0000000020000850        0x0 /usr/lib/gcc/arm-none-eabi/10.3.1/../../../arm-none-eabi/lib/thumb/nofp/libc.a(lib_a-mlock.o)
 .data          0x0000000020000850        0x0 /usr/lib/gcc/arm-none-eabi/10.3.1/../../../arm-none-eabi/lib/thumb/nofp/libc.a(lib_a-mprec.o)
 .data          0x0000000020000850        0x0 /usr/lib/gcc/arm-none-eabi/10.3.1/../../../arm-none-eabi/lib/thumb/nofp/libc.a(lib_a-sbrkr.o)
 .data          0x0000000020000850        0x0 /usr/lib/gcc/arm-none-eabi/10.3.1/../../../arm-none-eabi/lib/thumb/nofp/libc.a(lib_a-strlen-stub.o)
 .data          0x0000000020000850        0x0 /usr/lib/gcc/arm-none-eabi/10.3.1/../../../arm-none-eabi/lib/thumb/nofp/libc.a(lib_a-svfiprintf.o)
 .data          0x0000000020000850        0x0 /usr/lib/gcc/arm-none-eabi/10.3.1/../../../arm-none-eabi/lib/thumb/nofp/libc.a(lib_a-assert.o)
 .data          0x0000000020000850        0x0 /usr/lib/gcc/arm-none-eabi/10.3.1/../../../arm-none-eabi/lib/thumb/nofp/libc.a(lib_a-callocr.o)
 .data          0x0000000020000850        0x0 /usr/lib/gcc/arm-none-eabi/10.3.1/../../../arm-none-eabi/lib/thumb/nofp/libc.a(lib_a-fiprintf.o)
 .data          0x0000000020000850        0x0 /usr/lib/gcc/arm-none-eabi/10.3.1/../../../arm-none-eabi/lib/thumb/nofp/libc.a(lib_a-freer.o)
 .data          0x0000000020000850      0x16c /usr/lib/gcc/arm-none-eabi/10.3.1/../../../arm-none-eabi/lib/thumb/nofp/libc.a(lib_a-locale.o)
                0x0000000020000850                __global_locale
 .data          0x00000000200009bc        0x0 /usr/lib/gcc/arm-none-eabi/10.3.1/../../../arm-none-eabi/lib/thumb/nofp/libc.a(lib_a-mbtowc_r.o)
 .data          0x00000000200009bc        0x0 /usr/lib/gcc/arm-none-eabi/10.3.1/../../../arm-none-eabi/lib/thumb/nofp/libc.a(lib_a-memmove.o)
 .data          0x00000000200009bc        0x0 /usr/lib/gcc/arm-none-eabi/10.3.1/../../../arm-none-eabi/lib/thumb/nofp/libc.a(lib_a-reallocr.o)
 .data          0x00000000200009bc        0x0 /usr/lib/gcc/arm-none-eabi/10.3.1/../../../arm-none-eabi/lib/thumb/nofp/libc.a(lib_a-reent.o)
 .data          0x00000000200009bc        0x0 /usr/lib/gcc/arm-none-eabi/10.3.1/../../../arm-none-eabi/lib/thumb/nofp/libc.a(lib_a-strcmp.o)
 .data          0x00000000200009bc        0x0 /usr/lib/gcc/arm-none-eabi/10.3.1/../../../arm-none-eabi/lib/thumb/nofp/libc.a(lib_a-vfiprintf.o)
 .data          0x00000000200009bc        0x0 /usr/lib/gcc/arm-none-eabi/10.3.1/../../../arm-none-eabi/lib/thumb/nofp/libc.a(lib_a-wctomb_r.o)
 .data          0x00000000200009bc        0x0 /usr/lib/gcc/arm-none-eabi/10.3.1/../../../arm-none-eabi/lib/thumb/nofp/libc.a(lib_a-wsetup.o)
 .data          0x00000000200009bc        0x0 /usr/lib/gcc/arm-none-eabi/10.3.1/../../../arm-none-eabi/lib/thumb/nofp/libc.a(lib_a-abort.o)
 .data          0x00000000200009bc        0x0 /usr/lib/gcc/arm-none-eabi/10.3.1/../../../arm-none-eabi/lib/thumb/nofp/libc.a(lib_a-ctype_.o)
 .data          0x00000000200009bc        0x0 /usr/lib/gcc/arm-none-eabi/10.3.1/../../../arm-none-eabi/lib/thumb/nofp/libc.a(lib_a-fflush.o)
 .data          0x00000000200009bc        0x0 /usr/lib/gcc/arm-none-eabi/10.3.1/../../../arm-none-eabi/lib/thumb/nofp/libc.a(lib_a-findfp.o)
 .data          0x00000000200009bc        0x0 /usr/lib/gcc/arm-none-eabi/10.3.1/../../../arm-none-eabi/lib/thumb/nofp/libc.a(lib_a-fputwc.o)
 .data          0x00000000200009bc        0x0 /usr/lib/gcc/arm-none-eabi/10.3.1/../../../arm-none-eabi/lib/thumb/nofp/libc.a(lib_a-fvwrite.o)
 .data          0x00000000200009bc        0x0 /usr/lib/gcc/arm-none-eabi/10.3.1/../../../arm-none-eabi/lib/thumb/nofp/libc.a(lib_a-fwalk.o)
 .data          0x00000000200009bc        0x0 /usr/lib/gcc/arm-none-eabi/10.3.1/../../../arm-none-eabi/lib/thumb/nofp/libc.a(lib_a-makebuf.o)
 .data          0x00000000200009bc        0x0 /usr/lib/gcc/arm-none-eabi/10.3.1/../../../arm-none-eabi/lib/thumb/nofp/libc.a(lib_a-signal.o)
 .data          0x00000000200009bc        0x0 /usr/lib/gcc/arm-none-eabi/10.3.1/../../../arm-none-eabi/lib/thumb/nofp/libc.a(lib_a-signalr.o)
 .data          0x00000000200009bc        0x0 /usr/lib/gcc/arm-none-eabi/10.3.1/../../../arm-none-eabi/lib/thumb/nofp/libc.a(lib_a-stdio.o)
 .data          0x00000000200009bc        0x0 /usr/lib/gcc/arm-none-eabi/10.3.1/../../../arm-none-eabi/lib/thumb/nofp/libc.a(lib_a-wbuf.o)
 .data          0x00000000200009bc        0x0 /usr/lib/gcc/arm-none-eabi/10.3.1/../../../arm-none-eabi/lib/thumb/nofp/libc.a(lib_a-wcrtomb.o)
 .data          0x00000000200009bc        0x0 /usr/lib/gcc/arm-none-eabi/10.3.1/../../../arm-none-eabi/lib/thumb/nofp/libc.a(lib_a-writer.o)
 .data          0x00000000200009bc        0x0 /usr/lib/gcc/arm-none-eabi/10.3.1/../../../arm-none-eabi/lib/thumb/nofp/libc.a(lib_a-closer.o)
 .data          0x00000000200009bc        0x0 /usr/lib/gcc/arm-none-eabi/10.3.1/../../../arm-none-eabi/lib/thumb/nofp/libc.a(lib_a-fclose.o)
 .data          0x00000000200009bc        0x0 /usr/lib/gcc/arm-none-eabi/10.3.1/../../../arm-none-eabi/lib/thumb/nofp/libc.a(lib_a-fstatr.o)
 .data          0x00000000200009bc        0x0 /usr/lib/gcc/arm-none-eabi/10.3.1/../../../arm-none-eabi/lib/thumb/nofp/libc.a(lib_a-isattyr.o)
 .data          0x00000000200009bc        0x0 /usr/lib/gcc/arm-none-eabi/10.3.1/../../../arm-none-eabi/lib/thumb/nofp/libc.a(lib_a-lseekr.o)
 .data          0x00000000200009bc        0x0 /usr/lib/gcc/arm-none-eabi/10.3.1/../../../arm-none-eabi/lib/thumb/nofp/libc.a(lib_a-readr.o)
 .data          0x00000000200009bc        0x0 /usr/lib/gcc/arm-none-eabi/10.3.1/thumb/nofp/libgcc.a(_arm_muldf3.o)
 .data          0x00000000200009bc        0x0 /usr/lib/gcc/arm-none-eabi/10.3.1/thumb/nofp/libgcc.a(_udivsi3.o)
 .data          0x00000000200009bc        0x0 /usr/lib/gcc/arm-none-eabi/10.3.1/thumb/nofp/libgcc.a(_divsi3.o)
 .data          0x00000000200009bc        0x0 /usr/lib/gcc/arm-none-eabi/10.3.1/thumb/nofp/libgcc.a(_dvmd_tls.o)
 .data          0x00000000200009bc        0x0 /usr/lib/gcc/arm-none-eabi/10.3.1/thumb/nofp/libgcc.a(_arm_addsubdf3.o)
 .data          0x00000000200009bc        0x0 /usr/lib/gcc/arm-none-eabi/10.3.1/thumb/nofp/libgcc.a(_arm_muldivdf3.o)
 .data          0x00000000200009bc        0x0 /usr/lib/gcc/arm-none-eabi/10.3.1/thumb/nofp/libgcc.a(_arm_cmpdf2.o)
 .data          0x00000000200009bc        0x0 /usr/lib/gcc/arm-none-eabi/10.3.1/thumb/nofp/libgcc.a(_arm_unorddf2.o)
 .data          0x00000000200009bc        0x0 /usr/lib/gcc/arm-none-eabi/10.3.1/thumb/nofp/libgcc.a(_arm_fixdfsi.o)
 .data          0x00000000200009bc        0x0 /usr/lib/gcc/arm-none-eabi/10.3.1/thumb/nofp/libgcc.a(_aeabi_uldivmod.o)
 .data          0x00000000200009bc        0x0 /usr/lib/gcc/arm-none-eabi/10.3.1/thumb/nofp/libgcc.a(_udivmoddi4.o)
 .data          0x00000000200009bc        0x0 /usr/lib/gcc/arm-none-eabi/10.3.1/thumb/nofp/libgcc.a(_clzdi2.o)
 .data          0x00000000200009bc        0x0 /usr/lib/gcc/arm-none-eabi/10.3.1/thumb/nofp/libgcc.a(_clzsi2.o)
                0x00000000200009bc                _edata = .

.igot.plt       0x00000000200009bc        0x0 load address 0x000000000000cda8
 .igot.plt      0x00000000200009bc        0x0 gcc/startup.o

.ARM.exidx      0x0000000020020000        0x8
 *(.ARM.exidx)
 .ARM.exidx     0x0000000020020000        0x8 /usr/lib/gcc/arm-none-eabi/10.3.1/thumb/nofp/libgcc.a(_udivmoddi4.o)

.rel.dyn        0x0000000020020008        0x0
 .rel.iplt      0x0000000020020008        0x0 gcc/startup.o

.bss            0x00000000200009bc     0x163c load address 0x000000000000cda8
                0x00000000200009bc                _bss = .
 *(.bss)
 .bss           0x00000000200009bc      0x100 gcc/startup.o
 .bss           0x0000000020000abc       0x4c gcc/main.o
                0x0000000020000abc                xUpdateNQueue
                0x0000000020000ac0                xSensorQueue
                0x0000000020000ac4                xDisplayQueue
                0x0000000020000afc                xButtonSemaphore
                0x0000000020000b00                xMutexN
                0x0000000020000b04                xPrintQueue
 .bss           0x0000000020000b08        0x0 gcc/list.o
 .bss           0x0000000020000b08        0x0 gcc/queue.o
 .bss           0x0000000020000b08       0xd8 gcc/tasks.o
                0x0000000020000b14                pxCurrentTCB
 .bss           0x0000000020000be0        0x0 gcc/port.o
 .bss           0x0000000020000be0     0x1390 gcc/heap_1.o
 .bss           0x0000000020001f70       0x1e gcc/BlockQ.o
 *fill*         0x0000000020001f8e        0x2 
 .bss           0x0000000020001f90        0xc gcc/PollQ.o
 .bss           0x0000000020001f9c        0x4 gcc/integer.o
 .bss           0x0000000020001fa0       0x14 gcc/semtest.o
 .bss           0x0000000020001fb4        0x4 gcc/osram96x16.o
 .bss           0x0000000020001fb8        0x4 gcc/sys_cfg.o
 .bss           0x0000000020001fbc        0x0 hw_include/libdriver.a(gpio_dirmodeset_.o)
 .bss           0x0000000020001fbc        0x0 hw_include/libdriver.a(gpio_inttypeset_.o)
 .bss           0x0000000020001fbc        0x0 hw_include/libdriver.a(gpio_pinintclear_.o)
 .bss           0x0000000020001fbc        0x0 hw_include/libdriver.a(gpio_pinintenable_.o)
 .bss           0x0000000020001fbc        0x0 hw_include/libdriver.a(gpio_pintypei2c_.o)
 .bss           0x0000000020001fbc        0x0 hw_include/libdriver.a(i2c_mastercontrol_.o)
 .bss           0x0000000020001fbc        0x0 hw_include/libdriver.a(i2c_masterdataput_.o)
 .bss           0x0000000020001fbc        0x0 hw_include/libdriver.a(i2c_masterinit_.o)
 .bss           0x0000000020001fbc        0x0 hw_include/libdriver.a(i2c_masterintstatus_.o)
 .bss           0x0000000020001fbc        0x0 hw_include/libdriver.a(i2c_masterslaveaddrset_.o)
 .bss           0x0000000020001fbc        0x0 hw_include/libdriver.a(interrupt_enable_.o)
 .bss           0x0000000020001fbc        0x0 hw_include/libdriver.a(interrupt_priorityset_.o)
 .bss           0x0000000020001fbc        0x0 hw_include/libdriver.a(interrupt_pulregs_.o)
 .bss           0x0000000020001fbc        0x0 hw_include/libdriver.a(sysctl_clockget_.o)
 .bss           0x0000000020001fbc        0x0 hw_include/libdriver.a(sysctl_clockset_.o)
 .bss           0x0000000020001fbc        0x0 hw_include/libdriver.a(sysctl_peripheralenable_.o)
 .bss           0x0000000020001fbc        0x0 hw_include/libdriver.a(sysctl_pulrcgcregs_.o)
 .bss           0x0000000020001fbc        0x0 hw_include/libdriver.a(sysctl_pulxtals_.o)
 .bss           0x0000000020001fbc        0x0 hw_include/libdriver.a(uart_charput_.o)
 .bss           0x0000000020001fbc        0x0 hw_include/libdriver.a(uart_configset_.o)
 .bss           0x0000000020001fbc        0x0 hw_include/libdriver.a(uart_disable_.o)
 .bss           0x0000000020001fbc        0x0 hw_include/libdriver.a(uart_enable_.o)
 .bss           0x0000000020001fbc        0x0 hw_include/libdriver.a(uart_intclear_.o)
 .bss           0x0000000020001fbc        0x0 hw_include/libdriver.a(uart_intstatus_.o)
 .bss           0x0000000020001fbc        0x0 hw_include/libdriver.a(gpio_padconfigset_.o)
 .bss           0x0000000020001fbc        0x0 hw_include/libdriver.a(i2c_masterenable_.o)
 .bss           0x0000000020001fbc        0x0 /usr/lib/gcc/arm-none-eabi/10.3.1/../../../arm-none-eabi/lib/thumb/nofp/libc.a(lib_a-memcpy-stub.o)
 .bss           0x0000000020001fbc        0x0 /usr/lib/gcc/arm-none-eabi/10.3.1/../../../arm-none-eabi/lib/thumb/nofp/libc.a(lib_a-memset.o)
 .bss           0x0000000020001fbc        0x0 /usr/lib/gcc/arm-none-eabi/10.3.1/../../../arm-none-eabi/lib/thumb/nofp/libc.a(lib_a-vsprintf.o)
 .bss           0x0000000020001fbc        0x0 /usr/lib/gcc/arm-none-eabi/10.3.1/../../../arm-none-eabi/lib/thumb/nofp/libc.a(lib_a-impure.o)
 .bss           0x0000000020001fbc        0x0 /usr/lib/gcc/arm-none-eabi/10.3.1/../../../arm-none-eabi/lib/thumb/nofp/libc.a(lib_a-svfprintf.o)
 .bss           0x0000000020001fbc        0x0 /usr/lib/gcc/arm-none-eabi/10.3.1/../../../arm-none-eabi/lib/thumb/nofp/libc.a(lib_a-dtoa.o)
 .bss           0x0000000020001fbc        0x0 /usr/lib/gcc/arm-none-eabi/10.3.1/../../../arm-none-eabi/lib/thumb/nofp/libc.a(lib_a-localeconv.o)
 .bss           0x0000000020001fbc       0x34 /usr/lib/gcc/arm-none-eabi/10.3.1/../../../arm-none-eabi/lib/thumb/nofp/libc.a(lib_a-mallocr.o)
                0x0000000020001fbc                __malloc_top_pad
                0x0000000020001fc0                __malloc_current_mallinfo
                0x0000000020001fe8                __malloc_max_sbrked_mem
                0x0000000020001fec                __malloc_max_total_mem
 .bss           0x0000000020001ff0        0x0 /usr/lib/gcc/arm-none-eabi/10.3.1/../../../arm-none-eabi/lib/thumb/nofp/libc.a(lib_a-memchr-stub.o)
 .bss           0x0000000020001ff0        0x0 /usr/lib/gcc/arm-none-eabi/10.3.1/../../../arm-none-eabi/lib/thumb/nofp/libc.a(lib_a-mlock.o)
 .bss           0x0000000020001ff0        0x0 /usr/lib/gcc/arm-none-eabi/10.3.1/../../../arm-none-eabi/lib/thumb/nofp/libc.a(lib_a-mprec.o)
 .bss           0x0000000020001ff0        0x0 /usr/lib/gcc/arm-none-eabi/10.3.1/../../../arm-none-eabi/lib/thumb/nofp/libc.a(lib_a-sbrkr.o)
 .bss           0x0000000020001ff0        0x0 /usr/lib/gcc/arm-none-eabi/10.3.1/../../../arm-none-eabi/lib/thumb/nofp/libc.a(lib_a-strlen-stub.o)
 .bss           0x0000000020001ff0        0x0 /usr/lib/gcc/arm-none-eabi/10.3.1/../../../arm-none-eabi/lib/thumb/nofp/libc.a(lib_a-svfiprintf.o)
 .bss           0x0000000020001ff0        0x0 /usr/lib/gcc/arm-none-eabi/10.3.1/../../../arm-none-eabi/lib/thumb/nofp/libc.a(lib_a-assert.o)
 .bss           0x0000000020001ff0        0x0 /usr/lib/gcc/arm-none-eabi/10.3.1/../../../arm-none-eabi/lib/thumb/nofp/libc.a(lib_a-callocr.o)
 .bss           0x0000000020001ff0        0x0 /usr/lib/gcc/arm-none-eabi/10.3.1/../../../arm-none-eabi/lib/thumb/nofp/libc.a(lib_a-fiprintf.o)
 .bss           0x0000000020001ff0        0x0 /usr/lib/gcc/arm-none-eabi/10.3.1/../../../arm-none-eabi/lib/thumb/nofp/libc.a(lib_a-freer.o)
 .bss           0x0000000020001ff0        0x4 /usr/lib/gcc/arm-none-eabi/10.3.1/../../../arm-none-eabi/lib/thumb/nofp/libc.a(lib_a-locale.o)
                0x0000000020001ff0                _PathLocale
 .bss           0x0000000020001ff4        0x0 /usr/lib/gcc/arm-none-eabi/10.3.1/../../../arm-none-eabi/lib/thumb/nofp/libc.a(lib_a-mbtowc_r.o)
 .bss           0x0000000020001ff4        0x0 /usr/lib/gcc/arm-none-eabi/10.3.1/../../../arm-none-eabi/lib/thumb/nofp/libc.a(lib_a-memmove.o)
 .bss           0x0000000020001ff4        0x0 /usr/lib/gcc/arm-none-eabi/10.3.1/../../../arm-none-eabi/lib/thumb/nofp/libc.a(lib_a-reallocr.o)
 .bss           0x0000000020001ff4        0x4 /usr/lib/gcc/arm-none-eabi/10.3.1/../../../arm-none-eabi/lib/thumb/nofp/libc.a(lib_a-reent.o)
                0x0000000020001ff4                errno
 .bss           0x0000000020001ff8        0x0 /usr/lib/gcc/arm-none-eabi/10.3.1/../../../arm-none-eabi/lib/thumb/nofp/libc.a(lib_a-strcmp.o)
 .bss           0x0000000020001ff8        0x0 /usr/lib/gcc/arm-none-eabi/10.3.1/../../../arm-none-eabi/lib/thumb/nofp/libc.a(lib_a-vfiprintf.o)
 .bss           0x0000000020001ff8        0x0 /usr/lib/gcc/arm-none-eabi/10.3.1/../../../arm-none-eabi/lib/thumb/nofp/libc.a(lib_a-wctomb_r.o)
 .bss           0x0000000020001ff8        0x0 /usr/lib/gcc/arm-none-eabi/10.3.1/../../../arm-none-eabi/lib/thumb/nofp/libc.a(lib_a-wsetup.o)
 .bss           0x0000000020001ff8        0x0 /usr/lib/gcc/arm-none-eabi/10.3.1/../../../arm-none-eabi/lib/thumb/nofp/libc.a(lib_a-abort.o)
 .bss           0x0000000020001ff8        0x0 /usr/lib/gcc/arm-none-eabi/10.3.1/../../../arm-none-eabi/lib/thumb/nofp/libc.a(lib_a-ctype_.o)
 .bss           0x0000000020001ff8        0x0 /usr/lib/gcc/arm-none-eabi/10.3.1/../../../arm-none-eabi/lib/thumb/nofp/libc.a(lib_a-fflush.o)
 .bss           0x0000000020001ff8        0x0 /usr/lib/gcc/arm-none-eabi/10.3.1/../../../arm-none-eabi/lib/thumb/nofp/libc.a(lib_a-findfp.o)
 .bss           0x0000000020001ff8        0x0 /usr/lib/gcc/arm-none-eabi/10.3.1/../../../arm-none-eabi/lib/thumb/nofp/libc.a(lib_a-fputwc.o)
 .bss           0x0000000020001ff8        0x0 /usr/lib/gcc/arm-none-eabi/10.3.1/../../../arm-none-eabi/lib/thumb/nofp/libc.a(lib_a-fvwrite.o)
 .bss           0x0000000020001ff8        0x0 /usr/lib/gcc/arm-none-eabi/10.3.1/../../../arm-none-eabi/lib/thumb/nofp/libc.a(lib_a-fwalk.o)
 .bss           0x0000000020001ff8        0x0 /usr/lib/gcc/arm-none-eabi/10.3.1/../../../arm-none-eabi/lib/thumb/nofp/libc.a(lib_a-makebuf.o)
 .bss           0x0000000020001ff8        0x0 /usr/lib/gcc/arm-none-eabi/10.3.1/../../../arm-none-eabi/lib/thumb/nofp/libc.a(lib_a-signal.o)
 .bss           0x0000000020001ff8        0x0 /usr/lib/gcc/arm-none-eabi/10.3.1/../../../arm-none-eabi/lib/thumb/nofp/libc.a(lib_a-signalr.o)
 .bss           0x0000000020001ff8        0x0 /usr/lib/gcc/arm-none-eabi/10.3.1/../../../arm-none-eabi/lib/thumb/nofp/libc.a(lib_a-stdio.o)
 .bss           0x0000000020001ff8        0x0 /usr/lib/gcc/arm-none-eabi/10.3.1/../../../arm-none-eabi/lib/thumb/nofp/libc.a(lib_a-wbuf.o)
 .bss           0x0000000020001ff8        0x0 /usr/lib/gcc/arm-none-eabi/10.3.1/../../../arm-none-eabi/lib/thumb/nofp/libc.a(lib_a-wcrtomb.o)
 .bss           0x0000000020001ff8        0x0 /usr/lib/gcc/arm-none-eabi/10.3.1/../../../arm-none-eabi/lib/thumb/nofp/libc.a(lib_a-writer.o)
 .bss           0x0000000020001ff8        0x0 /usr/lib/gcc/arm-none-eabi/10.3.1/../../../arm-none-eabi/lib/thumb/nofp/libc.a(lib_a-closer.o)
 .bss           0x0000000020001ff8        0x0 /usr/lib/gcc/arm-none-eabi/10.3.1/../../../arm-none-eabi/lib/thumb/nofp/libc.a(lib_a-fclose.o)
 .bss           0x0000000020001ff8        0x0 /usr/lib/gcc/arm-none-eabi/10.3.1/../../../arm-none-eabi/lib/thumb/nofp/libc.a(lib_a-fstatr.o)
 .bss           0x0000000020001ff8        0x0 /usr/lib/gcc/arm-none-eabi/10.3.1/../../../arm-none-eabi/lib/thumb/nofp/libc.a(lib_a-isattyr.o)
 .bss           0x0000000020001ff8        0x0 /usr/lib/gcc/arm-none-eabi/10.3.1/../../../arm-none-eabi/lib/thumb/nofp/libc.a(lib_a-lseekr.o)
 .bss           0x0000000020001ff8        0x0 /usr/lib/gcc/arm-none-eabi/10.3.1/../../../arm-none-eabi/lib/thumb/nofp/libc.a(lib_a-readr.o)
 .bss           0x0000000020001ff8        0x0 /usr/lib/gcc/arm-none-eabi/10.3.1/thumb/nofp/libgcc.a(_arm_muldf3.o)
 .bss           0x0000000020001ff8        0x0 /usr/lib/gcc/arm-none-eabi/10.3.1/thumb/nofp/libgcc.a(_udivsi3.o)
 .bss           0x0000000020001ff8        0x0 /usr/lib/gcc/arm-none-eabi/10.3.1/thumb/nofp/libgcc.a(_divsi3.o)
 .bss           0x0000000020001ff8        0x0 /usr/lib/gcc/arm-none-eabi/10.3.1/thumb/nofp/libgcc.a(_dvmd_tls.o)
 .bss           0x0000000020001ff8        0x0 /usr/lib/gcc/arm-none-eabi/10.3.1/thumb/nofp/libgcc.a(_arm_addsubdf3.o)
 .bss           0x0000000020001ff8        0x0 /usr/lib/gcc/arm-none-eabi/10.3.1/thumb/nofp/libgcc.a(_arm_muldivdf3.o)
 .bss           0x0000000020001ff8        0x0 /usr/lib/gcc/arm-none-eabi/10.3.1/thumb/nofp/libgcc.a(_arm_cmpdf2.o)
 .bss           0x0000000020001ff8        0x0 /usr/lib/gcc/arm-none-eabi/10.3.1/thumb/nofp/libgcc.a(_arm_unorddf2.o)
 .bss           0x0000000020001ff8        0x0 /usr/lib/gcc/arm-none-eabi/10.3.1/thumb/nofp/libgcc.a(_arm_fixdfsi.o)
 .bss           0x0000000020001ff8        0x0 /usr/lib/gcc/arm-none-eabi/10.3.1/thumb/nofp/libgcc.a(_aeabi_uldivmod.o)
 .bss           0x0000000020001ff8        0x0 /usr/lib/gcc/arm-none-eabi/10.3.1/thumb/nofp/libgcc.a(_udivmoddi4.o)
 .bss           0x0000000020001ff8        0x0 /usr/lib/gcc/arm-none-eabi/10.3.1/thumb/nofp/libgcc.a(_clzdi2.o)
 .bss           0x0000000020001ff8        0x0 /usr/lib/gcc/arm-none-eabi/10.3.1/thumb/nofp/libgcc.a(_clzsi2.o)
 *(COMMON)
                0x0000000020001ff8                _ebss = .
                0x0000000020001ff8                _end = .
LOAD gcc/startup.o
LOAD gcc/main.o
LOAD gcc/list.o
LOAD gcc/queue.o
LOAD gcc/tasks.o
LOAD gcc/port.o
LOAD gcc/heap_1.o
LOAD gcc/BlockQ.o
LOAD gcc/PollQ.o
LOAD gcc/integer.o
LOAD gcc/semtest.o
LOAD gcc/osram96x16.o
LOAD gcc/sys_cfg.o
LOAD hw_include/libdriver.a
LOAD /usr/lib/gcc/arm-none-eabi/10.3.1/../../../arm-none-eabi/lib/thumb/nofp/libc.a
LOAD /usr/lib/gcc/arm-none-eabi/10.3.1/thumb/nofp/libgcc.a
OUTPUT(gcc/RTOSDemo.axf elf32-littlearm)
LOAD linker stubs

.comment        0x0000000000000000      0x3a7
 .comment       0x0000000000000000       0x33 gcc/startup.o
                                         0x34 (size before relaxing)
 .comment       0x0000000000000033       0x34 gcc/main.o
 .comment       0x0000000000000033       0x34 gcc/list.o
 .comment       0x0000000000000033       0x34 gcc/queue.o
 .comment       0x0000000000000033       0x34 gcc/tasks.o
 .comment       0x0000000000000033       0x34 gcc/port.o
 .comment       0x0000000000000033       0x34 gcc/heap_1.o
 .comment       0x0000000000000033       0x34 gcc/BlockQ.o
 .comment       0x0000000000000033       0x34 gcc/PollQ.o
 .comment       0x0000000000000033       0x34 gcc/integer.o
 .comment       0x0000000000000033       0x34 gcc/semtest.o
 .comment       0x0000000000000033       0x34 gcc/osram96x16.o
 .comment       0x0000000000000033       0x34 gcc/sys_cfg.o
 .comment       0x0000000000000033       0x22 hw_include/libdriver.a(gpio_dirmodeset_.o)
 .comment       0x0000000000000055       0x22 hw_include/libdriver.a(gpio_inttypeset_.o)
 .comment       0x0000000000000077       0x22 hw_include/libdriver.a(gpio_pinintclear_.o)
 .comment       0x0000000000000099       0x22 hw_include/libdriver.a(gpio_pinintenable_.o)
 .comment       0x00000000000000bb       0x22 hw_include/libdriver.a(gpio_pintypei2c_.o)
 .comment       0x00000000000000dd       0x22 hw_include/libdriver.a(i2c_mastercontrol_.o)
 .comment       0x00000000000000ff       0x22 hw_include/libdriver.a(i2c_masterdataput_.o)
 .comment       0x0000000000000121       0x22 hw_include/libdriver.a(i2c_masterinit_.o)
 .comment       0x0000000000000143       0x22 hw_include/libdriver.a(i2c_masterintstatus_.o)
 .comment       0x0000000000000165       0x22 hw_include/libdriver.a(i2c_masterslaveaddrset_.o)
 .comment       0x0000000000000187       0x22 hw_include/libdriver.a(interrupt_enable_.o)
 .comment       0x00000000000001a9       0x22 hw_include/libdriver.a(interrupt_priorityset_.o)
 .comment       0x00000000000001cb       0x22 hw_include/libdriver.a(interrupt_pulregs_.o)
 .comment       0x00000000000001ed       0x22 hw_include/libdriver.a(sysctl_clockget_.o)
 .comment       0x000000000000020f       0x22 hw_include/libdriver.a(sysctl_clockset_.o)
 .comment       0x0000000000000231       0x22 hw_include/libdriver.a(sysctl_peripheralenable_.o)
 .comment       0x0000000000000253       0x22 hw_include/libdriver.a(sysctl_pulrcgcregs_.o)
 .comment       0x0000000000000275       0x22 hw_include/libdriver.a(sysctl_pulxtals_.o)
 .comment       0x0000000000000297       0x22 hw_include/libdriver.a(uart_charput_.o)
 .comment       0x00000000000002b9       0x22 hw_include/libdriver.a(uart_configset_.o)
 .comment       0x00000000000002db       0x22 hw_include/libdriver.a(uart_disable_.o)
 .comment       0x00000000000002fd       0x22 hw_include/libdriver.a(uart_enable_.o)
 .comment       0x000000000000031f       0x22 hw_include/libdriver.a(uart_intclear_.o)
 .comment       0x0000000000000341       0x22 hw_include/libdriver.a(uart_intstatus_.o)
 .comment       0x0000000000000363       0x22 hw_include/libdriver.a(gpio_padconfigset_.o)
 .comment       0x0000000000000385       0x22 hw_include/libdriver.a(i2c_masterenable_.o)
 .comment       0x00000000000003a7       0x34 /usr/lib/gcc/arm-none-eabi/10.3.1/../../../arm-none-eabi/lib/thumb/nofp/libc.a(lib_a-memcpy-stub.o)
 .comment       0x00000000000003a7       0x34 /usr/lib/gcc/arm-none-eabi/10.3.1/../../../arm-none-eabi/lib/thumb/nofp/libc.a(lib_a-memset.o)
 .comment       0x00000000000003a7       0x34 /usr/lib/gcc/arm-none-eabi/10.3.1/../../../arm-none-eabi/lib/thumb/nofp/libc.a(lib_a-vsprintf.o)
 .comment       0x00000000000003a7       0x34 /usr/lib/gcc/arm-none-eabi/10.3.1/../../../arm-none-eabi/lib/thumb/nofp/libc.a(lib_a-impure.o)
 .comment       0x00000000000003a7       0x34 /usr/lib/gcc/arm-none-eabi/10.3.1/../../../arm-none-eabi/lib/thumb/nofp/libc.a(lib_a-svfprintf.o)
 .comment       0x00000000000003a7       0x34 /usr/lib/gcc/arm-none-eabi/10.3.1/../../../arm-none-eabi/lib/thumb/nofp/libc.a(lib_a-dtoa.o)
 .comment       0x00000000000003a7       0x34 /usr/lib/gcc/arm-none-eabi/10.3.1/../../../arm-none-eabi/lib/thumb/nofp/libc.a(lib_a-localeconv.o)
 .comment       0x00000000000003a7       0x34 /usr/lib/gcc/arm-none-eabi/10.3.1/../../../arm-none-eabi/lib/thumb/nofp/libc.a(lib_a-mallocr.o)
 .comment       0x00000000000003a7       0x34 /usr/lib/gcc/arm-none-eabi/10.3.1/../../../arm-none-eabi/lib/thumb/nofp/libc.a(lib_a-memchr-stub.o)
 .comment       0x00000000000003a7       0x34 /usr/lib/gcc/arm-none-eabi/10.3.1/../../../arm-none-eabi/lib/thumb/nofp/libc.a(lib_a-mlock.o)
 .comment       0x00000000000003a7       0x34 /usr/lib/gcc/arm-none-eabi/10.3.1/../../../arm-none-eabi/lib/thumb/nofp/libc.a(lib_a-mprec.o)
 .comment       0x00000000000003a7       0x34 /usr/lib/gcc/arm-none-eabi/10.3.1/../../../arm-none-eabi/lib/thumb/nofp/libc.a(lib_a-sbrkr.o)
 .comment       0x00000000000003a7       0x34 /usr/lib/gcc/arm-none-eabi/10.3.1/../../../arm-none-eabi/lib/thumb/nofp/libc.a(lib_a-strlen-stub.o)
 .comment       0x00000000000003a7       0x34 /usr/lib/gcc/arm-none-eabi/10.3.1/../../../arm-none-eabi/lib/thumb/nofp/libc.a(lib_a-svfiprintf.o)
 .comment       0x00000000000003a7       0x34 /usr/lib/gcc/arm-none-eabi/10.3.1/../../../arm-none-eabi/lib/thumb/nofp/libc.a(lib_a-assert.o)
 .comment       0x00000000000003a7       0x34 /usr/lib/gcc/arm-none-eabi/10.3.1/../../../arm-none-eabi/lib/thumb/nofp/libc.a(lib_a-callocr.o)
 .comment       0x00000000000003a7       0x34 /usr/lib/gcc/arm-none-eabi/10.3.1/../../../arm-none-eabi/lib/thumb/nofp/libc.a(lib_a-fiprintf.o)
 .comment       0x00000000000003a7       0x34 /usr/lib/gcc/arm-none-eabi/10.3.1/../../../arm-none-eabi/lib/thumb/nofp/libc.a(lib_a-freer.o)
 .comment       0x00000000000003a7       0x34 /usr/lib/gcc/arm-none-eabi/10.3.1/../../../arm-none-eabi/lib/thumb/nofp/libc.a(lib_a-locale.o)
 .comment       0x00000000000003a7       0x34 /usr/lib/gcc/arm-none-eabi/10.3.1/../../../arm-none-eabi/lib/thumb/nofp/libc.a(lib_a-mbtowc_r.o)
 .comment       0x00000000000003a7       0x34 /usr/lib/gcc/arm-none-eabi/10.3.1/../../../arm-none-eabi/lib/thumb/nofp/libc.a(lib_a-memmove.o)
 .comment       0x00000000000003a7       0x34 /usr/lib/gcc/arm-none-eabi/10.3.1/../../../arm-none-eabi/lib/thumb/nofp/libc.a(lib_a-reallocr.o)
 .comment       0x00000000000003a7       0x34 /usr/lib/gcc/arm-none-eabi/10.3.1/../../../arm-none-eabi/lib/thumb/nofp/libc.a(lib_a-reent.o)
 .comment       0x00000000000003a7       0x34 /usr/lib/gcc/arm-none-eabi/10.3.1/../../../arm-none-eabi/lib/thumb/nofp/libc.a(lib_a-vfiprintf.o)
 .comment       0x00000000000003a7       0x34 /usr/lib/gcc/arm-none-eabi/10.3.1/../../../arm-none-eabi/lib/thumb/nofp/libc.a(lib_a-wctomb_r.o)
 .comment       0x00000000000003a7       0x34 /usr/lib/gcc/arm-none-eabi/10.3.1/../../../arm-none-eabi/lib/thumb/nofp/libc.a(lib_a-wsetup.o)
 .comment       0x00000000000003a7       0x34 /usr/lib/gcc/arm-none-eabi/10.3.1/../../../arm-none-eabi/lib/thumb/nofp/libc.a(lib_a-abort.o)
 .comment       0x00000000000003a7       0x34 /usr/lib/gcc/arm-none-eabi/10.3.1/../../../arm-none-eabi/lib/thumb/nofp/libc.a(lib_a-ctype_.o)
 .comment       0x00000000000003a7       0x34 /usr/lib/gcc/arm-none-eabi/10.3.1/../../../arm-none-eabi/lib/thumb/nofp/libc.a(lib_a-fflush.o)
 .comment       0x00000000000003a7       0x34 /usr/lib/gcc/arm-none-eabi/10.3.1/../../../arm-none-eabi/lib/thumb/nofp/libc.a(lib_a-findfp.o)
 .comment       0x00000000000003a7       0x34 /usr/lib/gcc/arm-none-eabi/10.3.1/../../../arm-none-eabi/lib/thumb/nofp/libc.a(lib_a-fputwc.o)
 .comment       0x00000000000003a7       0x34 /usr/lib/gcc/arm-none-eabi/10.3.1/../../../arm-none-eabi/lib/thumb/nofp/libc.a(lib_a-fvwrite.o)
 .comment       0x00000000000003a7       0x34 /usr/lib/gcc/arm-none-eabi/10.3.1/../../../arm-none-eabi/lib/thumb/nofp/libc.a(lib_a-fwalk.o)
 .comment       0x00000000000003a7       0x34 /usr/lib/gcc/arm-none-eabi/10.3.1/../../../arm-none-eabi/lib/thumb/nofp/libc.a(lib_a-makebuf.o)
 .comment       0x00000000000003a7       0x34 /usr/lib/gcc/arm-none-eabi/10.3.1/../../../arm-none-eabi/lib/thumb/nofp/libc.a(lib_a-signal.o)
 .comment       0x00000000000003a7       0x34 /usr/lib/gcc/arm-none-eabi/10.3.1/../../../arm-none-eabi/lib/thumb/nofp/libc.a(lib_a-signalr.o)
 .comment       0x00000000000003a7       0x34 /usr/lib/gcc/arm-none-eabi/10.3.1/../../../arm-none-eabi/lib/thumb/nofp/libc.a(lib_a-stdio.o)
 .comment       0x00000000000003a7       0x34 /usr/lib/gcc/arm-none-eabi/10.3.1/../../../arm-none-eabi/lib/thumb/nofp/libc.a(lib_a-wbuf.o)
 .comment       0x00000000000003a7       0x34 /usr/lib/gcc/arm-none-eabi/10.3.1/../../../arm-none-eabi/lib/thumb/nofp/libc.a(lib_a-wcrtomb.o)
 .comment       0x00000000000003a7       0x34 /usr/lib/gcc/arm-none-eabi/10.3.1/../../../arm-none-eabi/lib/thumb/nofp/libc.a(lib_a-writer.o)
 .comment       0x00000000000003a7       0x34 /usr/lib/gcc/arm-none-eabi/10.3.1/../../../arm-none-eabi/lib/thumb/nofp/libc.a(lib_a-closer.o)
 .comment       0x00000000000003a7       0x34 /usr/lib/gcc/arm-none-eabi/10.3.1/../../../arm-none-eabi/lib/thumb/nofp/libc.a(lib_a-fclose.o)
 .comment       0x00000000000003a7       0x34 /usr/lib/gcc/arm-none-eabi/10.3.1/../../../arm-none-eabi/lib/thumb/nofp/libc.a(lib_a-fstatr.o)
 .comment       0x00000000000003a7       0x34 /usr/lib/gcc/arm-none-eabi/10.3.1/../../../arm-none-eabi/lib/thumb/nofp/libc.a(lib_a-isattyr.o)
 .comment       0x00000000000003a7       0x34 /usr/lib/gcc/arm-none-eabi/10.3.1/../../../arm-none-eabi/lib/thumb/nofp/libc.a(lib_a-lseekr.o)
 .comment       0x00000000000003a7       0x34 /usr/lib/gcc/arm-none-eabi/10.3.1/../../../arm-none-eabi/lib/thumb/nofp/libc.a(lib_a-readr.o)
 .comment       0x00000000000003a7       0x34 /usr/lib/gcc/arm-none-eabi/10.3.1/thumb/nofp/libgcc.a(_udivmoddi4.o)

.ARM.attributes
                0x0000000000000000       0x2d
 .ARM.attributes
                0x0000000000000000       0x2d gcc/startup.o
 .ARM.attributes
                0x000000000000002d       0x2d gcc/main.o
 .ARM.attributes
                0x000000000000005a       0x2d gcc/list.o
 .ARM.attributes
                0x0000000000000087       0x2d gcc/queue.o
 .ARM.attributes
                0x00000000000000b4       0x2d gcc/tasks.o
 .ARM.attributes
                0x00000000000000e1       0x2d gcc/port.o
 .ARM.attributes
                0x000000000000010e       0x2d gcc/heap_1.o
 .ARM.attributes
                0x000000000000013b       0x2d gcc/BlockQ.o
 .ARM.attributes
                0x0000000000000168       0x2d gcc/PollQ.o
 .ARM.attributes
                0x0000000000000195       0x2d gcc/integer.o
 .ARM.attributes
                0x00000000000001c2       0x2d gcc/semtest.o
 .ARM.attributes
                0x00000000000001ef       0x2d gcc/osram96x16.o
 .ARM.attributes
                0x000000000000021c       0x2d gcc/sys_cfg.o
 .ARM.attributes
                0x0000000000000249       0x31 hw_include/libdriver.a(gpio_dirmodeset_.o)
 .ARM.attributes
                0x000000000000027a       0x31 hw_include/libdriver.a(gpio_inttypeset_.o)
 .ARM.attributes
                0x00000000000002ab       0x31 hw_include/libdriver.a(gpio_pinintclear_.o)
 .ARM.attributes
                0x00000000000002dc       0x31 hw_include/libdriver.a(gpio_pinintenable_.o)
 .ARM.attributes
                0x000000000000030d       0x31 hw_include/libdriver.a(gpio_pintypei2c_.o)
 .ARM.attributes
                0x000000000000033e       0x31 hw_include/libdriver.a(i2c_mastercontrol_.o)
 .ARM.attributes
                0x000000000000036f       0x31 hw_include/libdriver.a(i2c_masterdataput_.o)
 .ARM.attributes
                0x00000000000003a0       0x31 hw_include/libdriver.a(i2c_masterinit_.o)
 .ARM.attributes
                0x00000000000003d1       0x31 hw_include/libdriver.a(i2c_masterintstatus_.o)
 .ARM.attributes
                0x0000000000000402       0x31 hw_include/libdriver.a(i2c_masterslaveaddrset_.o)
 .ARM.attributes
                0x0000000000000433       0x31 hw_include/libdriver.a(interrupt_enable_.o)
 .ARM.attributes
                0x0000000000000464       0x31 hw_include/libdriver.a(interrupt_priorityset_.o)
 .ARM.attributes
                0x0000000000000495       0x2f hw_include/libdriver.a(interrupt_pulregs_.o)
 .ARM.attributes
                0x00000000000004c4       0x31 hw_include/libdriver.a(sysctl_clockget_.o)
 .ARM.attributes
                0x00000000000004f5       0x31 hw_include/libdriver.a(sysctl_clockset_.o)
 .ARM.attributes
                0x0000000000000526       0x31 hw_include/libdriver.a(sysctl_peripheralenable_.o)
 .ARM.attributes
                0x0000000000000557       0x2f hw_include/libdriver.a(sysctl_pulrcgcregs_.o)
 .ARM.attributes
                0x0000000000000586       0x2f hw_include/libdriver.a(sysctl_pulxtals_.o)
 .ARM.attributes
                0x00000000000005b5       0x31 hw_include/libdriver.a(uart_charput_.o)
 .ARM.attributes
                0x00000000000005e6       0x31 hw_include/libdriver.a(uart_configset_.o)
 .ARM.attributes
                0x0000000000000617       0x31 hw_include/libdriver.a(uart_disable_.o)
 .ARM.attributes
                0x0000000000000648       0x31 hw_include/libdriver.a(uart_enable_.o)
 .ARM.attributes
                0x0000000000000679       0x31 hw_include/libdriver.a(uart_intclear_.o)
 .ARM.attributes
                0x00000000000006aa       0x31 hw_include/libdriver.a(uart_intstatus_.o)
 .ARM.attributes
                0x00000000000006db       0x31 hw_include/libdriver.a(gpio_padconfigset_.o)
 .ARM.attributes
                0x000000000000070c       0x31 hw_include/libdriver.a(i2c_masterenable_.o)
 .ARM.attributes
                0x000000000000073d       0x2a /usr/lib/gcc/arm-none-eabi/10.3.1/../../../arm-none-eabi/lib/thumb/nofp/libc.a(lib_a-memcpy-stub.o)
 .ARM.attributes
                0x0000000000000767       0x2a /usr/lib/gcc/arm-none-eabi/10.3.1/../../../arm-none-eabi/lib/thumb/nofp/libc.a(lib_a-memset.o)
 .ARM.attributes
                0x0000000000000791       0x2a /usr/lib/gcc/arm-none-eabi/10.3.1/../../../arm-none-eabi/lib/thumb/nofp/libc.a(lib_a-vsprintf.o)
 .ARM.attributes
                0x00000000000007bb       0x30 /usr/lib/gcc/arm-none-eabi/10.3.1/../../../arm-none-eabi/lib/thumb/nofp/libc.a(lib_a-impure.o)
 .ARM.attributes
                0x00000000000007eb       0x2a /usr/lib/gcc/arm-none-eabi/10.3.1/../../../arm-none-eabi/lib/thumb/nofp/libc.a(lib_a-svfprintf.o)
 .ARM.attributes
                0x0000000000000815       0x2a /usr/lib/gcc/arm-none-eabi/10.3.1/../../../arm-none-eabi/lib/thumb/nofp/libc.a(lib_a-dtoa.o)
 .ARM.attributes
                0x000000000000083f       0x2a /usr/lib/gcc/arm-none-eabi/10.3.1/../../../arm-none-eabi/lib/thumb/nofp/libc.a(lib_a-localeconv.o)
 .ARM.attributes
                0x0000000000000869       0x2a /usr/lib/gcc/arm-none-eabi/10.3.1/../../../arm-none-eabi/lib/thumb/nofp/libc.a(lib_a-mallocr.o)
 .ARM.attributes
                0x0000000000000893       0x2a /usr/lib/gcc/arm-none-eabi/10.3.1/../../../arm-none-eabi/lib/thumb/nofp/libc.a(lib_a-memchr-stub.o)
 .ARM.attributes
                0x00000000000008bd       0x2a /usr/lib/gcc/arm-none-eabi/10.3.1/../../../arm-none-eabi/lib/thumb/nofp/libc.a(lib_a-mlock.o)
 .ARM.attributes
                0x00000000000008e7       0x2a /usr/lib/gcc/arm-none-eabi/10.3.1/../../../arm-none-eabi/lib/thumb/nofp/libc.a(lib_a-mprec.o)
 .ARM.attributes
                0x0000000000000911       0x2a /usr/lib/gcc/arm-none-eabi/10.3.1/../../../arm-none-eabi/lib/thumb/nofp/libc.a(lib_a-sbrkr.o)
 .ARM.attributes
                0x000000000000093b       0x2a /usr/lib/gcc/arm-none-eabi/10.3.1/../../../arm-none-eabi/lib/thumb/nofp/libc.a(lib_a-strlen-stub.o)
 .ARM.attributes
                0x0000000000000965       0x2a /usr/lib/gcc/arm-none-eabi/10.3.1/../../../arm-none-eabi/lib/thumb/nofp/libc.a(lib_a-svfiprintf.o)
 .ARM.attributes
                0x000000000000098f       0x2a /usr/lib/gcc/arm-none-eabi/10.3.1/../../../arm-none-eabi/lib/thumb/nofp/libc.a(lib_a-assert.o)
 .ARM.attributes
                0x00000000000009b9       0x2a /usr/lib/gcc/arm-none-eabi/10.3.1/../../../arm-none-eabi/lib/thumb/nofp/libc.a(lib_a-callocr.o)
 .ARM.attributes
                0x00000000000009e3       0x2a /usr/lib/gcc/arm-none-eabi/10.3.1/../../../arm-none-eabi/lib/thumb/nofp/libc.a(lib_a-fiprintf.o)
 .ARM.attributes
                0x0000000000000a0d       0x2a /usr/lib/gcc/arm-none-eabi/10.3.1/../../../arm-none-eabi/lib/thumb/nofp/libc.a(lib_a-freer.o)
 .ARM.attributes
                0x0000000000000a37       0x2a /usr/lib/gcc/arm-none-eabi/10.3.1/../../../arm-none-eabi/lib/thumb/nofp/libc.a(lib_a-locale.o)
 .ARM.attributes
                0x0000000000000a61       0x2a /usr/lib/gcc/arm-none-eabi/10.3.1/../../../arm-none-eabi/lib/thumb/nofp/libc.a(lib_a-mbtowc_r.o)
 .ARM.attributes
                0x0000000000000a8b       0x2a /usr/lib/gcc/arm-none-eabi/10.3.1/../../../arm-none-eabi/lib/thumb/nofp/libc.a(lib_a-memmove.o)
 .ARM.attributes
                0x0000000000000ab5       0x2a /usr/lib/gcc/arm-none-eabi/10.3.1/../../../arm-none-eabi/lib/thumb/nofp/libc.a(lib_a-reallocr.o)
 .ARM.attributes
                0x0000000000000adf       0x2a /usr/lib/gcc/arm-none-eabi/10.3.1/../../../arm-none-eabi/lib/thumb/nofp/libc.a(lib_a-reent.o)
 .ARM.attributes
                0x0000000000000b09       0x1a /usr/lib/gcc/arm-none-eabi/10.3.1/../../../arm-none-eabi/lib/thumb/nofp/libc.a(lib_a-strcmp.o)
 .ARM.attributes
                0x0000000000000b23       0x2a /usr/lib/gcc/arm-none-eabi/10.3.1/../../../arm-none-eabi/lib/thumb/nofp/libc.a(lib_a-vfiprintf.o)
 .ARM.attributes
                0x0000000000000b4d       0x2a /usr/lib/gcc/arm-none-eabi/10.3.1/../../../arm-none-eabi/lib/thumb/nofp/libc.a(lib_a-wctomb_r.o)
 .ARM.attributes
                0x0000000000000b77       0x2a /usr/lib/gcc/arm-none-eabi/10.3.1/../../../arm-none-eabi/lib/thumb/nofp/libc.a(lib_a-wsetup.o)
 .ARM.attributes
                0x0000000000000ba1       0x2a /usr/lib/gcc/arm-none-eabi/10.3.1/../../../arm-none-eabi/lib/thumb/nofp/libc.a(lib_a-abort.o)
 .ARM.attributes
                0x0000000000000bcb       0x30 /usr/lib/gcc/arm-none-eabi/10.3.1/../../../arm-none-eabi/lib/thumb/nofp/libc.a(lib_a-ctype_.o)
 .ARM.attributes
                0x0000000000000bfb       0x2a /usr/lib/gcc/arm-none-eabi/10.3.1/../../../arm-none-eabi/lib/thumb/nofp/libc.a(lib_a-fflush.o)
 .ARM.attributes
                0x0000000000000c25       0x2a /usr/lib/gcc/arm-none-eabi/10.3.1/../../../arm-none-eabi/lib/thumb/nofp/libc.a(lib_a-findfp.o)
 .ARM.attributes
                0x0000000000000c4f       0x2a /usr/lib/gcc/arm-none-eabi/10.3.1/../../../arm-none-eabi/lib/thumb/nofp/libc.a(lib_a-fputwc.o)
 .ARM.attributes
                0x0000000000000c79       0x2a /usr/lib/gcc/arm-none-eabi/10.3.1/../../../arm-none-eabi/lib/thumb/nofp/libc.a(lib_a-fvwrite.o)
 .ARM.attributes
                0x0000000000000ca3       0x2a /usr/lib/gcc/arm-none-eabi/10.3.1/../../../arm-none-eabi/lib/thumb/nofp/libc.a(lib_a-fwalk.o)
 .ARM.attributes
                0x0000000000000ccd       0x2a /usr/lib/gcc/arm-none-eabi/10.3.1/../../../arm-none-eabi/lib/thumb/nofp/libc.a(lib_a-makebuf.o)
 .ARM.attributes
                0x0000000000000cf7       0x2a /usr/lib/gcc/arm-none-eabi/10.3.1/../../../arm-none-eabi/lib/thumb/nofp/libc.a(lib_a-signal.o)
 .ARM.attributes
                0x0000000000000d21       0x2a /usr/lib/gcc/arm-none-eabi/10.3.1/../../../arm-none-eabi/lib/thumb/nofp/libc.a(lib_a-signalr.o)
 .ARM.attributes
                0x0000000000000d4b       0x2a /usr/lib/gcc/arm-none-eabi/10.3.1/../../../arm-none-eabi/lib/thumb/nofp/libc.a(lib_a-stdio.o)
 .ARM.attributes
                0x0000000000000d75       0x2a /usr/lib/gcc/arm-none-eabi/10.3.1/../../../arm-none-eabi/lib/thumb/nofp/libc.a(lib_a-wbuf.o)
 .ARM.attributes
                0x0000000000000d9f       0x2a /usr/lib/gcc/arm-none-eabi/10.3.1/../../../arm-none-eabi/lib/thumb/nofp/libc.a(lib_a-wcrtomb.o)
 .ARM.attributes
                0x0000000000000dc9       0x2a /usr/lib/gcc/arm-none-eabi/10.3.1/../../../arm-none-eabi/lib/thumb/nofp/libc.a(lib_a-writer.o)
 .ARM.attributes
                0x0000000000000df3       0x2a /usr/lib/gcc/arm-none-eabi/10.3.1/../../../arm-none-eabi/lib/thumb/nofp/libc.a(lib_a-closer.o)
 .ARM.attributes
                0x0000000000000e1d       0x2a /usr/lib/gcc/arm-none-eabi/10.3.1/../../../arm-none-eabi/lib/thumb/nofp/libc.a(lib_a-fclose.o)
 .ARM.attributes
                0x0000000000000e47       0x2a /usr/lib/gcc/arm-none-eabi/10.3.1/../../../arm-none-eabi/lib/thumb/nofp/libc.a(lib_a-fstatr.o)
 .ARM.attributes
                0x0000000000000e71       0x2a /usr/lib/gcc/arm-none-eabi/10.3.1/../../../arm-none-eabi/lib/thumb/nofp/libc.a(lib_a-isattyr.o)
 .ARM.attributes
                0x0000000000000e9b       0x2a /usr/lib/gcc/arm-none-eabi/10.3.1/../../../arm-none-eabi/lib/thumb/nofp/libc.a(lib_a-lseekr.o)
 .ARM.attributes
                0x0000000000000ec5       0x2a /usr/lib/gcc/arm-none-eabi/10.3.1/../../../arm-none-eabi/lib/thumb/nofp/libc.a(lib_a-readr.o)
 .ARM.attributes
                0x0000000000000eef       0x1c /usr/lib/gcc/arm-none-eabi/10.3.1/thumb/nofp/libgcc.a(_arm_muldf3.o)
 .ARM.attributes
                0x0000000000000f0b       0x1c /usr/lib/gcc/arm-none-eabi/10.3.1/thumb/nofp/libgcc.a(_udivsi3.o)
 .ARM.attributes
                0x0000000000000f27       0x1c /usr/lib/gcc/arm-none-eabi/10.3.1/thumb/nofp/libgcc.a(_divsi3.o)
 .ARM.attributes
                0x0000000000000f43       0x1c /usr/lib/gcc/arm-none-eabi/10.3.1/thumb/nofp/libgcc.a(_dvmd_tls.o)
 .ARM.attributes
                0x0000000000000f5f       0x1c /usr/lib/gcc/arm-none-eabi/10.3.1/thumb/nofp/libgcc.a(_arm_addsubdf3.o)
 .ARM.attributes
                0x0000000000000f7b       0x1c /usr/lib/gcc/arm-none-eabi/10.3.1/thumb/nofp/libgcc.a(_arm_muldivdf3.o)
 .ARM.attributes
                0x0000000000000f97       0x1c /usr/lib/gcc/arm-none-eabi/10.3.1/thumb/nofp/libgcc.a(_arm_cmpdf2.o)
 .ARM.attributes
                0x0000000000000fb3       0x1c /usr/lib/gcc/arm-none-eabi/10.3.1/thumb/nofp/libgcc.a(_arm_unorddf2.o)
 .ARM.attributes
                0x0000000000000fcf       0x1c /usr/lib/gcc/arm-none-eabi/10.3.1/thumb/nofp/libgcc.a(_arm_fixdfsi.o)
 .ARM.attributes
                0x0000000000000feb       0x1c /usr/lib/gcc/arm-none-eabi/10.3.1/thumb/nofp/libgcc.a(_aeabi_uldivmod.o)
 .ARM.attributes
                0x0000000000001007       0x2a /usr/lib/gcc/arm-none-eabi/10.3.1/thumb/nofp/libgcc.a(_udivmoddi4.o)
 .ARM.attributes
                0x0000000000001031       0x1c /usr/lib/gcc/arm-none-eabi/10.3.1/thumb/nofp/libgcc.a(_clzdi2.o)
 .ARM.attributes
                0x000000000000104d       0x1c /usr/lib/gcc/arm-none-eabi/10.3.1/thumb/nofp/libgcc.a(_clzsi2.o)

.debug_info     0x0000000000000000    0x21777
 .debug_info    0x0000000000000000      0x15c /usr/lib/gcc/arm-none-eabi/10.3.1/../../../arm-none-eabi/lib/thumb/nofp/libc.a(lib_a-memcpy-stub.o)
 .debug_info    0x000000000000015c      0x13d /usr/lib/gcc/arm-none-eabi/10.3.1/../../../arm-none-eabi/lib/thumb/nofp/libc.a(lib_a-memset.o)
 .debug_info    0x0000000000000299      0xae4 /usr/lib/gcc/arm-none-eabi/10.3.1/../../../arm-none-eabi/lib/thumb/nofp/libc.a(lib_a-vsprintf.o)
 .debug_info    0x0000000000000d7d      0x92a /usr/lib/gcc/arm-none-eabi/10.3.1/../../../arm-none-eabi/lib/thumb/nofp/libc.a(lib_a-impure.o)
 .debug_info    0x00000000000016a7     0x19a2 /usr/lib/gcc/arm-none-eabi/10.3.1/../../../arm-none-eabi/lib/thumb/nofp/libc.a(lib_a-svfprintf.o)
 .debug_info    0x0000000000003049     0x1a17 /usr/lib/gcc/arm-none-eabi/10.3.1/../../../arm-none-eabi/lib/thumb/nofp/libc.a(lib_a-dtoa.o)
 .debug_info    0x0000000000004a60      0xc3e /usr/lib/gcc/arm-none-eabi/10.3.1/../../../arm-none-eabi/lib/thumb/nofp/libc.a(lib_a-localeconv.o)
 .debug_info    0x000000000000569e      0xe80 /usr/lib/gcc/arm-none-eabi/10.3.1/../../../arm-none-eabi/lib/thumb/nofp/libc.a(lib_a-mallocr.o)
 .debug_info    0x000000000000651e      0x14e /usr/lib/gcc/arm-none-eabi/10.3.1/../../../arm-none-eabi/lib/thumb/nofp/libc.a(lib_a-memchr-stub.o)
 .debug_info    0x000000000000666c      0x942 /usr/lib/gcc/arm-none-eabi/10.3.1/../../../arm-none-eabi/lib/thumb/nofp/libc.a(lib_a-mlock.o)
 .debug_info    0x0000000000006fae     0x20bc /usr/lib/gcc/arm-none-eabi/10.3.1/../../../arm-none-eabi/lib/thumb/nofp/libc.a(lib_a-mprec.o)
 .debug_info    0x000000000000906a      0x98e /usr/lib/gcc/arm-none-eabi/10.3.1/../../../arm-none-eabi/lib/thumb/nofp/libc.a(lib_a-sbrkr.o)
 .debug_info    0x00000000000099f8       0xee /usr/lib/gcc/arm-none-eabi/10.3.1/../../../arm-none-eabi/lib/thumb/nofp/libc.a(lib_a-strlen-stub.o)
 .debug_info    0x0000000000009ae6     0x1372 /usr/lib/gcc/arm-none-eabi/10.3.1/../../../arm-none-eabi/lib/thumb/nofp/libc.a(lib_a-svfiprintf.o)
 .debug_info    0x000000000000ae58      0xa24 /usr/lib/gcc/arm-none-eabi/10.3.1/../../../arm-none-eabi/lib/thumb/nofp/libc.a(lib_a-assert.o)
 .debug_info    0x000000000000b87c      0xa81 /usr/lib/gcc/arm-none-eabi/10.3.1/../../../arm-none-eabi/lib/thumb/nofp/libc.a(lib_a-callocr.o)
 .debug_info    0x000000000000c2fd      0xa5f /usr/lib/gcc/arm-none-eabi/10.3.1/../../../arm-none-eabi/lib/thumb/nofp/libc.a(lib_a-fiprintf.o)
 .debug_info    0x000000000000cd5c      0xce5 /usr/lib/gcc/arm-none-eabi/10.3.1/../../../arm-none-eabi/lib/thumb/nofp/libc.a(lib_a-freer.o)
 .debug_info    0x000000000000da41      0xe04 /usr/lib/gcc/arm-none-eabi/10.3.1/../../../arm-none-eabi/lib/thumb/nofp/libc.a(lib_a-locale.o)
 .debug_info    0x000000000000e845      0xccd /usr/lib/gcc/arm-none-eabi/10.3.1/../../../arm-none-eabi/lib/thumb/nofp/libc.a(lib_a-mbtowc_r.o)
 .debug_info    0x000000000000f512      0x152 /usr/lib/gcc/arm-none-eabi/10.3.1/../../../arm-none-eabi/lib/thumb/nofp/libc.a(lib_a-memmove.o)
 .debug_info    0x000000000000f664      0xda8 /usr/lib/gcc/arm-none-eabi/10.3.1/../../../arm-none-eabi/lib/thumb/nofp/libc.a(lib_a-reallocr.o)
 .debug_info    0x000000000001040c      0xbe1 /usr/lib/gcc/arm-none-eabi/10.3.1/../../../arm-none-eabi/lib/thumb/nofp/libc.a(lib_a-reent.o)
 .debug_info    0x0000000000010fed       0x26 /usr/lib/gcc/arm-none-eabi/10.3.1/../../../arm-none-eabi/lib/thumb/nofp/libc.a(lib_a-strcmp.o)
 .debug_info    0x0000000000011013     0x19f0 /usr/lib/gcc/arm-none-eabi/10.3.1/../../../arm-none-eabi/lib/thumb/nofp/libc.a(lib_a-vfiprintf.o)
 .debug_info    0x0000000000012a03      0xc89 /usr/lib/gcc/arm-none-eabi/10.3.1/../../../arm-none-eabi/lib/thumb/nofp/libc.a(lib_a-wctomb_r.o)
 .debug_info    0x000000000001368c      0x9c2 /usr/lib/gcc/arm-none-eabi/10.3.1/../../../arm-none-eabi/lib/thumb/nofp/libc.a(lib_a-wsetup.o)
 .debug_info    0x000000000001404e       0xcb /usr/lib/gcc/arm-none-eabi/10.3.1/../../../arm-none-eabi/lib/thumb/nofp/libc.a(lib_a-abort.o)
 .debug_info    0x0000000000014119       0xb8 /usr/lib/gcc/arm-none-eabi/10.3.1/../../../arm-none-eabi/lib/thumb/nofp/libc.a(lib_a-ctype_.o)
 .debug_info    0x00000000000141d1      0xbff /usr/lib/gcc/arm-none-eabi/10.3.1/../../../arm-none-eabi/lib/thumb/nofp/libc.a(lib_a-fflush.o)
 .debug_info    0x0000000000014dd0      0xf72 /usr/lib/gcc/arm-none-eabi/10.3.1/../../../arm-none-eabi/lib/thumb/nofp/libc.a(lib_a-findfp.o)
 .debug_info    0x0000000000015d42      0xc1f /usr/lib/gcc/arm-none-eabi/10.3.1/../../../arm-none-eabi/lib/thumb/nofp/libc.a(lib_a-fputwc.o)
 .debug_info    0x0000000000016961      0xcc3 /usr/lib/gcc/arm-none-eabi/10.3.1/../../../arm-none-eabi/lib/thumb/nofp/libc.a(lib_a-fvwrite.o)
 .debug_info    0x0000000000017624      0xa66 /usr/lib/gcc/arm-none-eabi/10.3.1/../../../arm-none-eabi/lib/thumb/nofp/libc.a(lib_a-fwalk.o)
 .debug_info    0x000000000001808a      0xdf0 /usr/lib/gcc/arm-none-eabi/10.3.1/../../../arm-none-eabi/lib/thumb/nofp/libc.a(lib_a-makebuf.o)
 .debug_info    0x0000000000018e7a      0xf29 /usr/lib/gcc/arm-none-eabi/10.3.1/../../../arm-none-eabi/lib/thumb/nofp/libc.a(lib_a-signal.o)
 .debug_info    0x0000000000019da3      0x9df /usr/lib/gcc/arm-none-eabi/10.3.1/../../../arm-none-eabi/lib/thumb/nofp/libc.a(lib_a-signalr.o)
 .debug_info    0x000000000001a782      0xc27 /usr/lib/gcc/arm-none-eabi/10.3.1/../../../arm-none-eabi/lib/thumb/nofp/libc.a(lib_a-stdio.o)
 .debug_info    0x000000000001b3a9      0xa5f /usr/lib/gcc/arm-none-eabi/10.3.1/../../../arm-none-eabi/lib/thumb/nofp/libc.a(lib_a-wbuf.o)
 .debug_info    0x000000000001be08      0xd48 /usr/lib/gcc/arm-none-eabi/10.3.1/../../../arm-none-eabi/lib/thumb/nofp/libc.a(lib_a-wcrtomb.o)
 .debug_info    0x000000000001cb50      0x9c0 /usr/lib/gcc/arm-none-eabi/10.3.1/../../../arm-none-eabi/lib/thumb/nofp/libc.a(lib_a-writer.o)
 .debug_info    0x000000000001d510      0x96b /usr/lib/gcc/arm-none-eabi/10.3.1/../../../arm-none-eabi/lib/thumb/nofp/libc.a(lib_a-closer.o)
 .debug_info    0x000000000001de7b      0xb4d /usr/lib/gcc/arm-none-eabi/10.3.1/../../../arm-none-eabi/lib/thumb/nofp/libc.a(lib_a-fclose.o)
 .debug_info    0x000000000001e9c8      0xb83 /usr/lib/gcc/arm-none-eabi/10.3.1/../../../arm-none-eabi/lib/thumb/nofp/libc.a(lib_a-fstatr.o)
 .debug_info    0x000000000001f54b      0x96b /usr/lib/gcc/arm-none-eabi/10.3.1/../../../arm-none-eabi/lib/thumb/nofp/libc.a(lib_a-isattyr.o)
 .debug_info    0x000000000001feb6      0x9a1 /usr/lib/gcc/arm-none-eabi/10.3.1/../../../arm-none-eabi/lib/thumb/nofp/libc.a(lib_a-lseekr.o)
 .debug_info    0x0000000000020857      0x9b9 /usr/lib/gcc/arm-none-eabi/10.3.1/../../../arm-none-eabi/lib/thumb/nofp/libc.a(lib_a-readr.o)
 .debug_info    0x0000000000021210       0x26 /usr/lib/gcc/arm-none-eabi/10.3.1/thumb/nofp/libgcc.a(_arm_muldf3.o)
 .debug_info    0x0000000000021236       0x26 /usr/lib/gcc/arm-none-eabi/10.3.1/thumb/nofp/libgcc.a(_udivsi3.o)
 .debug_info    0x000000000002125c       0x26 /usr/lib/gcc/arm-none-eabi/10.3.1/thumb/nofp/libgcc.a(_divsi3.o)
 .debug_info    0x0000000000021282       0x26 /usr/lib/gcc/arm-none-eabi/10.3.1/thumb/nofp/libgcc.a(_dvmd_tls.o)
 .debug_info    0x00000000000212a8       0x26 /usr/lib/gcc/arm-none-eabi/10.3.1/thumb/nofp/libgcc.a(_arm_addsubdf3.o)
 .debug_info    0x00000000000212ce       0x26 /usr/lib/gcc/arm-none-eabi/10.3.1/thumb/nofp/libgcc.a(_arm_muldivdf3.o)
 .debug_info    0x00000000000212f4       0x26 /usr/lib/gcc/arm-none-eabi/10.3.1/thumb/nofp/libgcc.a(_arm_cmpdf2.o)
 .debug_info    0x000000000002131a       0x26 /usr/lib/gcc/arm-none-eabi/10.3.1/thumb/nofp/libgcc.a(_arm_unorddf2.o)
 .debug_info    0x0000000000021340       0x26 /usr/lib/gcc/arm-none-eabi/10.3.1/thumb/nofp/libgcc.a(_arm_fixdfsi.o)
 .debug_info    0x0000000000021366       0x26 /usr/lib/gcc/arm-none-eabi/10.3.1/thumb/nofp/libgcc.a(_aeabi_uldivmod.o)
 .debug_info    0x000000000002138c      0x39f /usr/lib/gcc/arm-none-eabi/10.3.1/thumb/nofp/libgcc.a(_udivmoddi4.o)
 .debug_info    0x000000000002172b       0x26 /usr/lib/gcc/arm-none-eabi/10.3.1/thumb/nofp/libgcc.a(_clzdi2.o)
 .debug_info    0x0000000000021751       0x26 /usr/lib/gcc/arm-none-eabi/10.3.1/thumb/nofp/libgcc.a(_clzsi2.o)

.debug_abbrev   0x0000000000000000     0x6d99
 .debug_abbrev  0x0000000000000000       0xc7 /usr/lib/gcc/arm-none-eabi/10.3.1/../../../arm-none-eabi/lib/thumb/nofp/libc.a(lib_a-memcpy-stub.o)
 .debug_abbrev  0x00000000000000c7       0xb4 /usr/lib/gcc/arm-none-eabi/10.3.1/../../../arm-none-eabi/lib/thumb/nofp/libc.a(lib_a-memset.o)
 .debug_abbrev  0x000000000000017b      0x2ab /usr/lib/gcc/arm-none-eabi/10.3.1/../../../arm-none-eabi/lib/thumb/nofp/libc.a(lib_a-vsprintf.o)
 .debug_abbrev  0x0000000000000426      0x1b8 /usr/lib/gcc/arm-none-eabi/10.3.1/../../../arm-none-eabi/lib/thumb/nofp/libc.a(lib_a-impure.o)
 .debug_abbrev  0x00000000000005de      0x3db /usr/lib/gcc/arm-none-eabi/10.3.1/../../../arm-none-eabi/lib/thumb/nofp/libc.a(lib_a-svfprintf.o)
 .debug_abbrev  0x00000000000009b9      0x345 /usr/lib/gcc/arm-none-eabi/10.3.1/../../../arm-none-eabi/lib/thumb/nofp/libc.a(lib_a-dtoa.o)
 .debug_abbrev  0x0000000000000cfe      0x26a /usr/lib/gcc/arm-none-eabi/10.3.1/../../../arm-none-eabi/lib/thumb/nofp/libc.a(lib_a-localeconv.o)
 .debug_abbrev  0x0000000000000f68      0x2f6 /usr/lib/gcc/arm-none-eabi/10.3.1/../../../arm-none-eabi/lib/thumb/nofp/libc.a(lib_a-mallocr.o)
 .debug_abbrev  0x000000000000125e       0xd4 /usr/lib/gcc/arm-none-eabi/10.3.1/../../../arm-none-eabi/lib/thumb/nofp/libc.a(lib_a-memchr-stub.o)
 .debug_abbrev  0x0000000000001332      0x1f0 /usr/lib/gcc/arm-none-eabi/10.3.1/../../../arm-none-eabi/lib/thumb/nofp/libc.a(lib_a-mlock.o)
 .debug_abbrev  0x0000000000001522      0x4bc /usr/lib/gcc/arm-none-eabi/10.3.1/../../../arm-none-eabi/lib/thumb/nofp/libc.a(lib_a-mprec.o)
 .debug_abbrev  0x00000000000019de      0x23d /usr/lib/gcc/arm-none-eabi/10.3.1/../../../arm-none-eabi/lib/thumb/nofp/libc.a(lib_a-sbrkr.o)
 .debug_abbrev  0x0000000000001c1b       0x8f /usr/lib/gcc/arm-none-eabi/10.3.1/../../../arm-none-eabi/lib/thumb/nofp/libc.a(lib_a-strlen-stub.o)
 .debug_abbrev  0x0000000000001caa      0x305 /usr/lib/gcc/arm-none-eabi/10.3.1/../../../arm-none-eabi/lib/thumb/nofp/libc.a(lib_a-svfiprintf.o)
 .debug_abbrev  0x0000000000001faf      0x22a /usr/lib/gcc/arm-none-eabi/10.3.1/../../../arm-none-eabi/lib/thumb/nofp/libc.a(lib_a-assert.o)
 .debug_abbrev  0x00000000000021d9      0x241 /usr/lib/gcc/arm-none-eabi/10.3.1/../../../arm-none-eabi/lib/thumb/nofp/libc.a(lib_a-callocr.o)
 .debug_abbrev  0x000000000000241a      0x255 /usr/lib/gcc/arm-none-eabi/10.3.1/../../../arm-none-eabi/lib/thumb/nofp/libc.a(lib_a-fiprintf.o)
 .debug_abbrev  0x000000000000266f      0x2a1 /usr/lib/gcc/arm-none-eabi/10.3.1/../../../arm-none-eabi/lib/thumb/nofp/libc.a(lib_a-freer.o)
 .debug_abbrev  0x0000000000002910      0x2f5 /usr/lib/gcc/arm-none-eabi/10.3.1/../../../arm-none-eabi/lib/thumb/nofp/libc.a(lib_a-locale.o)
 .debug_abbrev  0x0000000000002c05      0x269 /usr/lib/gcc/arm-none-eabi/10.3.1/../../../arm-none-eabi/lib/thumb/nofp/libc.a(lib_a-mbtowc_r.o)
 .debug_abbrev  0x0000000000002e6e       0xc0 /usr/lib/gcc/arm-none-eabi/10.3.1/../../../arm-none-eabi/lib/thumb/nofp/libc.a(lib_a-memmove.o)
 .debug_abbrev  0x0000000000002f2e      0x265 /usr/lib/gcc/arm-none-eabi/10.3.1/../../../arm-none-eabi/lib/thumb/nofp/libc.a(lib_a-reallocr.o)
 .debug_abbrev  0x0000000000003193      0x2d0 /usr/lib/gcc/arm-none-eabi/10.3.1/../../../arm-none-eabi/lib/thumb/nofp/libc.a(lib_a-reent.o)
 .debug_abbrev  0x0000000000003463       0x14 /usr/lib/gcc/arm-none-eabi/10.3.1/../../../arm-none-eabi/lib/thumb/nofp/libc.a(lib_a-strcmp.o)
 .debug_abbrev  0x0000000000003477      0x407 /usr/lib/gcc/arm-none-eabi/10.3.1/../../../arm-none-eabi/lib/thumb/nofp/libc.a(lib_a-vfiprintf.o)