Archive member included to satisfy reference by file (symbol)

hw_include/libdriver.a(gpio_dirmodeset_.o)
                              gcc/main.o (GPIODirModeSet)
hw_include/libdriver.a(gpio_inttypeset_.o)
                              gcc/main.o (GPIOIntTypeSet)
hw_include/libdriver.a(gpio_pinintclear_.o)
                              gcc/main.o (GPIOPinIntClear)
hw_include/libdriver.a(gpio_pinintenable_.o)
                              gcc/main.o (GPIOPinIntEnable)
hw_include/libdriver.a(gpio_pintypei2c_.o)
                              gcc/osram96x16.o (GPIOPinTypeI2C)
hw_include/libdriver.a(i2c_mastercontrol_.o)
                              gcc/osram96x16.o (I2CMasterControl)
hw_include/libdriver.a(i2c_masterdataput_.o)
                              gcc/osram96x16.o (I2CMasterDataPut)
hw_include/libdriver.a(i2c_masterinit_.o)
                              gcc/osram96x16.o (I2CMasterInit)
hw_include/libdriver.a(i2c_masterintstatus_.o)
                              gcc/osram96x16.o (I2CMasterIntStatus)
hw_include/libdriver.a(i2c_masterslaveaddrset_.o)
                              gcc/osram96x16.o (I2CMasterSlaveAddrSet)
hw_include/libdriver.a(interrupt_enable_.o)
                              gcc/main.o (IntEnable)
hw_include/libdriver.a(interrupt_priorityset_.o)
                              gcc/main.o (IntPrioritySet)
hw_include/libdriver.a(interrupt_pulregs_.o)
                              hw_include/libdriver.a(interrupt_priorityset_.o) (g_pulRegs)
hw_include/libdriver.a(sysctl_clockget_.o)
                              hw_include/libdriver.a(i2c_masterinit_.o) (SysCtlClockGet)
hw_include/libdriver.a(sysctl_clockset_.o)
                              gcc/main.o (SysCtlClockSet)
hw_include/libdriver.a(sysctl_peripheralenable_.o)
                              gcc/main.o (SysCtlPeripheralEnable)
hw_include/libdriver.a(sysctl_pulrcgcregs_.o)
                              hw_include/libdriver.a(sysctl_peripheralenable_.o) (g_pulRCGCRegs)
hw_include/libdriver.a(sysctl_pulxtals_.o)
                              hw_include/libdriver.a(sysctl_clockget_.o) (g_pulXtals)
hw_include/libdriver.a(uart_configset_.o)
                              gcc/main.o (UARTConfigSet)
hw_include/libdriver.a(uart_disable_.o)
                              hw_include/libdriver.a(uart_configset_.o) (UARTDisable)
hw_include/libdriver.a(uart_enable_.o)
                              hw_include/libdriver.a(uart_configset_.o) (UARTEnable)
hw_include/libdriver.a(uart_intclear_.o)
                              gcc/main.o (UARTIntClear)
hw_include/libdriver.a(uart_intstatus_.o)
                              gcc/main.o (UARTIntStatus)
hw_include/libdriver.a(gpio_padconfigset_.o)
                              hw_include/libdriver.a(gpio_pintypei2c_.o) (GPIOPadConfigSet)
hw_include/libdriver.a(i2c_masterenable_.o)
                              hw_include/libdriver.a(i2c_masterinit_.o) (I2CMasterEnable)
/usr/lib/gcc/arm-none-eabi/10.3.1/../../../arm-none-eabi/lib/thumb/nofp/libc.a(lib_a-memcpy-stub.o)
                              gcc/queue.o (memcpy)
/usr/lib/gcc/arm-none-eabi/10.3.1/../../../arm-none-eabi/lib/thumb/nofp/libc.a(lib_a-memset.o)
                              gcc/main.o (memset)

Memory Configuration

Name             Origin             Length             Attributes
FLASH            0x0000000000000000 0x0000000000010000 xr
SRAM             0x0000000020000000 0x0000000000002000 xrw
*default*        0x0000000000000000 0xffffffffffffffff

Linker script and memory map


.text           0x0000000000000000     0x34cc
 *(.isr_vector)
 .isr_vector    0x0000000000000000       0xb8 gcc/startup.o
                0x0000000000000000                g_pfnVectors
 *(.text*)
 .text          0x00000000000000b8       0x10 gcc/startup.o
                0x00000000000000c4                ResetISR
 .text          0x00000000000000c8      0x12c gcc/main.o
                0x0000000000000178                vUART_ISR
                0x00000000000001b4                vGPIO_ISR
 .text.startup  0x00000000000001f4       0xd4 gcc/main.o
                0x00000000000001f4                main
 .text          0x00000000000002c8       0x90 gcc/list.o
                0x00000000000002c8                vListInitialise
                0x00000000000002e0                vListInitialiseItem
                0x00000000000002e8                vListInsertEnd
                0x0000000000000304                vListInsert
                0x0000000000000334                uxListRemove
 .text          0x0000000000000358      0x868 gcc/queue.o
                0x0000000000000444                xQueueGenericReset
                0x00000000000004c8                xQueueGenericCreate
                0x0000000000000514                xQueueGenericSend
                0x0000000000000628                xQueueGenericSendFromISR
                0x00000000000006a8                xQueueGiveFromISR
                0x0000000000000724                xQueueReceive
                0x000000000000084c                xQueueSemaphoreTake
                0x000000000000095c                xQueuePeek
                0x0000000000000a7c                xQueueReceiveFromISR
                0x0000000000000b10                xQueuePeekFromISR
                0x0000000000000b58                uxQueueMessagesWaiting
                0x0000000000000b6c                uxQueueSpacesAvailable
                0x0000000000000b84                uxQueueMessagesWaitingFromISR
                0x0000000000000b88                vQueueDelete
                0x0000000000000b8c                uxQueueGetQueueNumber
                0x0000000000000b90                vQueueSetQueueNumber
                0x0000000000000b94                ucQueueGetQueueType
                0x0000000000000b9c                uxQueueGetQueueItemSize
                0x0000000000000ba0                uxQueueGetQueueLength
                0x0000000000000ba4                xQueueIsQueueEmptyFromISR
                0x0000000000000bb0                xQueueIsQueueFullFromISR
 .text          0x0000000000000bc0     0x111c gcc/tasks.o
                0x0000000000000d70                xTaskCreate
                0x0000000000000f10                eTaskGetState
                0x0000000000000f5c                vTaskStartScheduler
                0x0000000000000fd0                vTaskEndScheduler
                0x0000000000000ff0                vTaskSuspendAll
                0x0000000000001004                xTaskResumeAll
                0x0000000000001160                xTaskDelayUntil
                0x00000000000011b8                vTaskDelay
                0x00000000000011f0                xTaskGetTickCount
                0x00000000000011fc                xTaskGetTickCountFromISR
                0x0000000000001208                uxTaskGetNumberOfTasks
                0x0000000000001214                pcTaskGetName
                0x0000000000001228                xTaskCatchUpTicks
                0x0000000000001258                xTaskIncrementTick
                0x0000000000001274                vTaskSwitchContext
                0x00000000000012bc                vTaskPlaceOnEventList
                0x00000000000012d8                vTaskPlaceOnUnorderedEventList
                0x0000000000001320                xTaskRemoveFromEventList
                0x00000000000013ec                vTaskRemoveFromUnorderedEventList
                0x0000000000001488                vTaskSetTimeOutState
                0x00000000000014a8                vTaskInternalSetTimeOutState
                0x00000000000014b8                xTaskCheckForTimeOut
                0x0000000000001508                vTaskMissedYield
                0x0000000000001518                uxTaskGetTaskNumber
                0x0000000000001520                vTaskSetTaskNumber
                0x0000000000001528                vTaskGetInfo
                0x00000000000015f8                uxTaskGetSystemState
                0x0000000000001778                xTaskGetCurrentTaskHandle
                0x0000000000001784                xTaskGetCurrentTaskHandleForCore
                0x0000000000001794                uxTaskResetEventItemValue
                0x00000000000017ac                ulTaskGenericNotifyTake
                0x0000000000001854                xTaskGenericNotifyWait
                0x0000000000001920                xTaskGenericNotify
                0x0000000000001a24                xTaskGenericNotifyFromISR
                0x0000000000001b58                vTaskGenericNotifyGiveFromISR
                0x0000000000001c4c                xTaskGenericNotifyStateClear
                0x0000000000001c80                ulTaskGenericNotifyValueClear
                0x0000000000001cb0                vTaskResetState
 .text          0x0000000000001cdc      0x1a0 gcc/port.o
                0x0000000000001d1c                pxPortInitialiseStack
                0x0000000000001d40                vPortSVCHandler
                0x0000000000001d64                vPortEndScheduler
                0x0000000000001d68                vPortEnterCritical
                0x0000000000001d88                vPortExitCritical
                0x0000000000001d9c                xPortPendSVHandler
                0x0000000000001de0                xPortSysTickHandler
                0x0000000000001e0c                vPortSetupTimerInterrupt
                0x0000000000001e24                xPortStartScheduler
 .text          0x0000000000001e7c       0x9c gcc/heap_1.o
                0x0000000000001e7c                pvPortMalloc
                0x0000000000001eec                vPortFree
                0x0000000000001ef0                vPortInitialiseBlocks
                0x0000000000001efc                xPortGetFreeHeapSize
                0x0000000000001f0c                vPortHeapResetState
 .text          0x0000000000001f18      0x200 gcc/BlockQ.o
                0x0000000000001f90                vStartBlockingQueueTasks
                0x00000000000020cc                xAreBlockingQueuesStillRunning
 .text          0x0000000000002118      0x128 gcc/PollQ.o
                0x00000000000021d0                vStartPolledQueueTasks
                0x0000000000002224                xArePollingQueuesStillRunning
 .text          0x0000000000002240       0x9c gcc/integer.o
                0x00000000000022a0                vStartIntegerMathTasks
                0x00000000000022c8                xAreIntegerMathsTaskStillRunning
 .text          0x00000000000022dc      0x1d8 gcc/semtest.o
                0x00000000000023ac                vStartSemaphoreTasks
                0x0000000000002480                xAreSemaphoreTasksStillRunning
 .text          0x00000000000024b4      0x688 gcc/osram96x16.o
                0x0000000000002544                OSRAMClear
                0x000000000000264c                OSRAMStringDraw
                0x0000000000002830                OSRAMImageDraw
                0x0000000000002980                OSRAMInit
                0x0000000000002a1c                OSRAMDisplayOn
                0x0000000000002a7c                OSRAMDisplayOff
 .text          0x0000000000002b3c       0x48 hw_include/libdriver.a(gpio_dirmodeset_.o)
                0x0000000000002b3c                GPIODirModeSet
 .text          0x0000000000002b84       0x74 hw_include/libdriver.a(gpio_inttypeset_.o)
                0x0000000000002b84                GPIOIntTypeSet
 .text          0x0000000000002bf8        0x8 hw_include/libdriver.a(gpio_pinintclear_.o)
                0x0000000000002bf8                GPIOPinIntClear
 .text          0x0000000000002c00        0xc hw_include/libdriver.a(gpio_pinintenable_.o)
                0x0000000000002c00                GPIOPinIntEnable
 .text          0x0000000000002c0c       0x20 hw_include/libdriver.a(gpio_pintypei2c_.o)
                0x0000000000002c0c                GPIOPinTypeI2C
 .text          0x0000000000002c2c        0x4 hw_include/libdriver.a(i2c_mastercontrol_.o)
                0x0000000000002c2c                I2CMasterControl
 .text          0x0000000000002c30        0x4 hw_include/libdriver.a(i2c_masterdataput_.o)
                0x0000000000002c30                I2CMasterDataPut
 .text          0x0000000000002c34       0x34 hw_include/libdriver.a(i2c_masterinit_.o)
                0x0000000000002c34                I2CMasterInit
 .text          0x0000000000002c68       0x18 hw_include/libdriver.a(i2c_masterintstatus_.o)
                0x0000000000002c68                I2CMasterIntStatus
 .text          0x0000000000002c80        0x8 hw_include/libdriver.a(i2c_masterslaveaddrset_.o)
                0x0000000000002c80                I2CMasterSlaveAddrSet
 .text          0x0000000000002c88       0x5c hw_include/libdriver.a(interrupt_enable_.o)
                0x0000000000002c88                IntEnable
 .text          0x0000000000002ce4       0x30 hw_include/libdriver.a(interrupt_priorityset_.o)
                0x0000000000002ce4                IntPrioritySet
 .text          0x0000000000002d14        0x0 hw_include/libdriver.a(interrupt_pulregs_.o)
 .text          0x0000000000002d14       0x90 hw_include/libdriver.a(sysctl_clockget_.o)
                0x0000000000002d14                SysCtlClockGet
 .text          0x0000000000002da4       0xcc hw_include/libdriver.a(sysctl_clockset_.o)
                0x0000000000002da4                SysCtlClockSet
 .text          0x0000000000002e70       0x1c hw_include/libdriver.a(sysctl_peripheralenable_.o)
                0x0000000000002e70                SysCtlPeripheralEnable
 .text          0x0000000000002e8c        0x0 hw_include/libdriver.a(sysctl_pulrcgcregs_.o)
 .text          0x0000000000002e8c        0x0 hw_include/libdriver.a(sysctl_pulxtals_.o)
 .text          0x0000000000002e8c       0x38 hw_include/libdriver.a(uart_configset_.o)
                0x0000000000002e8c                UARTConfigSet
 .text          0x0000000000002ec4       0x24 hw_include/libdriver.a(uart_disable_.o)
                0x0000000000002ec4                UARTDisable
 .text          0x0000000000002ee8       0x18 hw_include/libdriver.a(uart_enable_.o)
                0x0000000000002ee8                UARTEnable
 .text          0x0000000000002f00        0x4 hw_include/libdriver.a(uart_intclear_.o)
                0x0000000000002f00                UARTIntClear
 .text          0x0000000000002f04        0xc hw_include/libdriver.a(uart_intstatus_.o)
                0x0000000000002f04                UARTIntStatus
 .text          0x0000000000002f10      0x11c hw_include/libdriver.a(gpio_padconfigset_.o)
                0x0000000000002f10                GPIOPadConfigSet
 .text          0x000000000000302c        0xc hw_include/libdriver.a(i2c_masterenable_.o)
                0x000000000000302c                I2CMasterEnable
 .text          0x0000000000003038       0xa8 /usr/lib/gcc/arm-none-eabi/10.3.1/../../../arm-none-eabi/lib/thumb/nofp/libc.a(lib_a-memcpy-stub.o)
                0x0000000000003038                memcpy
 .text          0x00000000000030e0       0xb0 /usr/lib/gcc/arm-none-eabi/10.3.1/../../../arm-none-eabi/lib/thumb/nofp/libc.a(lib_a-memset.o)
                0x00000000000030e0                memset
 *(.rodata*)
 .rodata.str1.4
                0x0000000000003190        0x7 gcc/main.o
 *fill*         0x0000000000003197        0x1 
 .rodata.str1.4
                0x0000000000003198       0x30 gcc/BlockQ.o
 .rodata.str1.4
                0x00000000000031c8       0x10 gcc/PollQ.o
 .rodata.str1.4
                0x00000000000031d8        0x8 gcc/integer.o
 .rodata.str1.4
                0x00000000000031e0       0x20 gcc/semtest.o
 .rodata        0x0000000000003200      0x25d gcc/osram96x16.o
 *fill*         0x000000000000345d        0x3 
 .rodata        0x0000000000003460       0x30 hw_include/libdriver.a(interrupt_pulregs_.o)
                0x0000000000003460                g_pulRegs
 .rodata        0x0000000000003490        0xc hw_include/libdriver.a(sysctl_pulrcgcregs_.o)
                0x0000000000003490                g_pulRCGCRegs
 .rodata        0x000000000000349c       0x30 hw_include/libdriver.a(sysctl_pulxtals_.o)
                0x000000000000349c                g_pulXtals
                0x00000000000034cc                _etext = .

.glue_7         0x00000000000034cc        0x0
 .glue_7        0x00000000000034cc        0x0 linker stubs

.glue_7t        0x00000000000034cc        0x0
 .glue_7t       0x00000000000034cc        0x0 linker stubs

.vfp11_veneer   0x00000000000034cc        0x0
 .vfp11_veneer  0x00000000000034cc        0x0 linker stubs

.v4_bx          0x00000000000034cc        0x0
 .v4_bx         0x00000000000034cc        0x0 linker stubs

.iplt           0x00000000000034cc        0x0
 .iplt          0x00000000000034cc        0x0 gcc/startup.o

.rel.dyn        0x00000000000034cc        0x0
 .rel.iplt      0x00000000000034cc        0x0 gcc/startup.o

.data           0x0000000020000000        0x8 load address 0x00000000000034cc
                0x0000000020000000                _data = .
 *(vtable)
 *(.data)
 .data          0x0000000020000000        0x0 gcc/startup.o
 .data          0x0000000020000000        0x0 gcc/main.o
 .data          0x0000000020000000        0x0 gcc/list.o
 .data          0x0000000020000000        0x0 gcc/queue.o
 .data          0x0000000020000000        0x4 gcc/tasks.o
 .data          0x0000000020000004        0x4 gcc/port.o
 .data          0x0000000020000008        0x0 gcc/heap_1.o
 .data          0x0000000020000008        0x0 gcc/BlockQ.o
 .data          0x0000000020000008        0x0 gcc/PollQ.o
 .data          0x0000000020000008        0x0 gcc/integer.o
 .data          0x0000000020000008        0x0 gcc/semtest.o
 .data          0x0000000020000008        0x0 gcc/osram96x16.o
 .data          0x0000000020000008        0x0 hw_include/libdriver.a(gpio_dirmodeset_.o)
 .data          0x0000000020000008        0x0 hw_include/libdriver.a(gpio_inttypeset_.o)
 .data          0x0000000020000008        0x0 hw_include/libdriver.a(gpio_pinintclear_.o)
 .data          0x0000000020000008        0x0 hw_include/libdriver.a(gpio_pinintenable_.o)
 .data          0x0000000020000008        0x0 hw_include/libdriver.a(gpio_pintypei2c_.o)
 .data          0x0000000020000008        0x0 hw_include/libdriver.a(i2c_mastercontrol_.o)
 .data          0x0000000020000008        0x0 hw_include/libdriver.a(i2c_masterdataput_.o)
 .data          0x0000000020000008        0x0 hw_include/libdriver.a(i2c_masterinit_.o)
 .data          0x0000000020000008        0x0 hw_include/libdriver.a(i2c_masterintstatus_.o)
 .data          0x0000000020000008        0x0 hw_include/libdriver.a(i2c_masterslaveaddrset_.o)
 .data          0x0000000020000008        0x0 hw_include/libdriver.a(interrupt_enable_.o)
 .data          0x0000000020000008        0x0 hw_include/libdriver.a(interrupt_priorityset_.o)
 .data          0x0000000020000008        0x0 hw_include/libdriver.a(interrupt_pulregs_.o)
 .data          0x0000000020000008        0x0 hw_include/libdriver.a(sysctl_clockget_.o)
 .data          0x0000000020000008        0x0 hw_include/libdriver.a(sysctl_clockset_.o)
 .data          0x0000000020000008        0x0 hw_include/libdriver.a(sysctl_peripheralenable_.o)
 .data          0x0000000020000008        0x0 hw_include/libdriver.a(sysctl_pulrcgcregs_.o)
 .data          0x0000000020000008        0x0 hw_include/libdriver.a(sysctl_pulxtals_.o)
 .data          0x0000000020000008        0x0 hw_include/libdriver.a(uart_configset_.o)
 .data          0x0000000020000008        0x0 hw_include/libdriver.a(uart_disable_.o)
 .data          0x0000000020000008        0x0 hw_include/libdriver.a(uart_enable_.o)
 .data          0x0000000020000008        0x0 hw_include/libdriver.a(uart_intclear_.o)
 .data          0x0000000020000008        0x0 hw_include/libdriver.a(uart_intstatus_.o)
 .data          0x0000000020000008        0x0 hw_include/libdriver.a(gpio_padconfigset_.o)
 .data          0x0000000020000008        0x0 hw_include/libdriver.a(i2c_masterenable_.o)
 .data          0x0000000020000008        0x0 /usr/lib/gcc/arm-none-eabi/10.3.1/../../../arm-none-eabi/lib/thumb/nofp/libc.a(lib_a-memcpy-stub.o)
 .data          0x0000000020000008        0x0 /usr/lib/gcc/arm-none-eabi/10.3.1/../../../arm-none-eabi/lib/thumb/nofp/libc.a(lib_a-memset.o)
                0x0000000020000008                _edata = .

.igot.plt       0x0000000020000008        0x0 load address 0x00000000000034d4
 .igot.plt      0x0000000020000008        0x0 gcc/startup.o

.bss            0x0000000020000008     0x15f4 load address 0x00000000000034d4
                0x0000000020000008                _bss = .
 *(.bss)
 .bss           0x0000000020000008      0x100 gcc/startup.o
 .bss           0x0000000020000108       0x44 gcc/main.o
                0x000000002000013c                xSensorQueue
                0x0000000020000144                xButtonSemaphore
                0x0000000020000148                xPrintQueue
 .bss           0x000000002000014c        0x0 gcc/list.o
 .bss           0x000000002000014c        0x0 gcc/queue.o
 .bss           0x000000002000014c       0xd8 gcc/tasks.o
                0x0000000020000158                pxCurrentTCB
 .bss           0x0000000020000224        0x0 gcc/port.o
 .bss           0x0000000020000224     0x1390 gcc/heap_1.o
 .bss           0x00000000200015b4       0x1e gcc/BlockQ.o
 *fill*         0x00000000200015d2        0x2 
 .bss           0x00000000200015d4        0xc gcc/PollQ.o
 .bss           0x00000000200015e0        0x4 gcc/integer.o
 .bss           0x00000000200015e4       0x14 gcc/semtest.o
 .bss           0x00000000200015f8        0x4 gcc/osram96x16.o
 .bss           0x00000000200015fc        0x0 hw_include/libdriver.a(gpio_dirmodeset_.o)
 .bss           0x00000000200015fc        0x0 hw_include/libdriver.a(gpio_inttypeset_.o)
 .bss           0x00000000200015fc        0x0 hw_include/libdriver.a(gpio_pinintclear_.o)
 .bss           0x00000000200015fc        0x0 hw_include/libdriver.a(gpio_pinintenable_.o)
 .bss           0x00000000200015fc        0x0 hw_include/libdriver.a(gpio_pintypei2c_.o)
 .bss           0x00000000200015fc        0x0 hw_include/libdriver.a(i2c_mastercontrol_.o)
 .bss           0x00000000200015fc        0x0 hw_include/libdriver.a(i2c_masterdataput_.o)
 .bss           0x00000000200015fc        0x0 hw_include/libdriver.a(i2c_masterinit_.o)
 .bss           0x00000000200015fc        0x0 hw_include/libdriver.a(i2c_masterintstatus_.o)
 .bss           0x00000000200015fc        0x0 hw_include/libdriver.a(i2c_masterslaveaddrset_.o)
 .bss           0x00000000200015fc        0x0 hw_include/libdriver.a(interrupt_enable_.o)
 .bss           0x00000000200015fc        0x0 hw_include/libdriver.a(interrupt_priorityset_.o)
 .bss           0x00000000200015fc        0x0 hw_include/libdriver.a(interrupt_pulregs_.o)
 .bss           0x00000000200015fc        0x0 hw_include/libdriver.a(sysctl_clockget_.o)
 .bss           0x00000000200015fc        0x0 hw_include/libdriver.a(sysctl_clockset_.o)
 .bss           0x00000000200015fc        0x0 hw_include/libdriver.a(sysctl_peripheralenable_.o)
 .bss           0x00000000200015fc        0x0 hw_include/libdriver.a(sysctl_pulrcgcregs_.o)
 .bss           0x00000000200015fc        0x0 hw_include/libdriver.a(sysctl_pulxtals_.o)
 .bss           0x00000000200015fc        0x0 hw_include/libdriver.a(uart_configset_.o)
 .bss           0x00000000200015fc        0x0 hw_include/libdriver.a(uart_disable_.o)
 .bss           0x00000000200015fc        0x0 hw_include/libdriver.a(uart_enable_.o)
 .bss           0x00000000200015fc        0x0 hw_include/libdriver.a(uart_intclear_.o)
 .bss           0x00000000200015fc        0x0 hw_include/libdriver.a(uart_intstatus_.o)
 .bss           0x00000000200015fc        0x0 hw_include/libdriver.a(gpio_padconfigset_.o)
 .bss           0x00000000200015fc        0x0 hw_include/libdriver.a(i2c_masterenable_.o)
 .bss           0x00000000200015fc        0x0 /usr/lib/gcc/arm-none-eabi/10.3.1/../../../arm-none-eabi/lib/thumb/nofp/libc.a(lib_a-memcpy-stub.o)
 .bss           0x00000000200015fc        0x0 /usr/lib/gcc/arm-none-eabi/10.3.1/../../../arm-none-eabi/lib/thumb/nofp/libc.a(lib_a-memset.o)
 *(COMMON)
                0x00000000200015fc                _ebss = .
LOAD gcc/startup.o
LOAD gcc/main.o
LOAD gcc/list.o
LOAD gcc/queue.o
LOAD gcc/tasks.o
LOAD gcc/port.o
LOAD gcc/heap_1.o
LOAD gcc/BlockQ.o
LOAD gcc/PollQ.o
LOAD gcc/integer.o
LOAD gcc/semtest.o
LOAD gcc/osram96x16.o
LOAD hw_include/libdriver.a
LOAD /usr/lib/gcc/arm-none-eabi/10.3.1/../../../arm-none-eabi/lib/thumb/nofp/libc.a
LOAD /usr/lib/gcc/arm-none-eabi/10.3.1/thumb/nofp/libgcc.a
OUTPUT(gcc/RTOSDemo.axf elf32-littlearm)
LOAD linker stubs

.comment        0x0000000000000000      0x385
 .comment       0x0000000000000000       0x33 gcc/startup.o
                                         0x34 (size before relaxing)
 .comment       0x0000000000000033       0x34 gcc/main.o
 .comment       0x0000000000000033       0x34 gcc/list.o
 .comment       0x0000000000000033       0x34 gcc/queue.o
 .comment       0x0000000000000033       0x34 gcc/tasks.o
 .comment       0x0000000000000033       0x34 gcc/port.o
 .comment       0x0000000000000033       0x34 gcc/heap_1.o
 .comment       0x0000000000000033       0x34 gcc/BlockQ.o
 .comment       0x0000000000000033       0x34 gcc/PollQ.o
 .comment       0x0000000000000033       0x34 gcc/integer.o
 .comment       0x0000000000000033       0x34 gcc/semtest.o
 .comment       0x0000000000000033       0x34 gcc/osram96x16.o
 .comment       0x0000000000000033       0x22 hw_include/libdriver.a(gpio_dirmodeset_.o)
 .comment       0x0000000000000055       0x22 hw_include/libdriver.a(gpio_inttypeset_.o)
 .comment       0x0000000000000077       0x22 hw_include/libdriver.a(gpio_pinintclear_.o)
 .comment       0x0000000000000099       0x22 hw_include/libdriver.a(gpio_pinintenable_.o)
 .comment       0x00000000000000bb       0x22 hw_include/libdriver.a(gpio_pintypei2c_.o)
 .comment       0x00000000000000dd       0x22 hw_include/libdriver.a(i2c_mastercontrol_.o)
 .comment       0x00000000000000ff       0x22 hw_include/libdriver.a(i2c_masterdataput_.o)
 .comment       0x0000000000000121       0x22 hw_include/libdriver.a(i2c_masterinit_.o)
 .comment       0x0000000000000143       0x22 hw_include/libdriver.a(i2c_masterintstatus_.o)
 .comment       0x0000000000000165       0x22 hw_include/libdriver.a(i2c_masterslaveaddrset_.o)
 .comment       0x0000000000000187       0x22 hw_include/libdriver.a(interrupt_enable_.o)
 .comment       0x00000000000001a9       0x22 hw_include/libdriver.a(interrupt_priorityset_.o)
 .comment       0x00000000000001cb       0x22 hw_include/libdriver.a(interrupt_pulregs_.o)
 .comment       0x00000000000001ed       0x22 hw_include/libdriver.a(sysctl_clockget_.o)
 .comment       0x000000000000020f       0x22 hw_include/libdriver.a(sysctl_clockset_.o)
 .comment       0x0000000000000231       0x22 hw_include/libdriver.a(sysctl_peripheralenable_.o)
 .comment       0x0000000000000253       0x22 hw_include/libdriver.a(sysctl_pulrcgcregs_.o)
 .comment       0x0000000000000275       0x22 hw_include/libdriver.a(sysctl_pulxtals_.o)
 .comment       0x0000000000000297       0x22 hw_include/libdriver.a(uart_configset_.o)
 .comment       0x00000000000002b9       0x22 hw_include/libdriver.a(uart_disable_.o)
 .comment       0x00000000000002db       0x22 hw_include/libdriver.a(uart_enable_.o)
 .comment       0x00000000000002fd       0x22 hw_include/libdriver.a(uart_intclear_.o)
 .comment       0x000000000000031f       0x22 hw_include/libdriver.a(uart_intstatus_.o)
 .comment       0x0000000000000341       0x22 hw_include/libdriver.a(gpio_padconfigset_.o)
 .comment       0x0000000000000363       0x22 hw_include/libdriver.a(i2c_masterenable_.o)
 .comment       0x0000000000000385       0x34 /usr/lib/gcc/arm-none-eabi/10.3.1/../../../arm-none-eabi/lib/thumb/nofp/libc.a(lib_a-memcpy-stub.o)
 .comment       0x0000000000000385       0x34 /usr/lib/gcc/arm-none-eabi/10.3.1/../../../arm-none-eabi/lib/thumb/nofp/libc.a(lib_a-memset.o)

.ARM.attributes
                0x0000000000000000       0x2f
 .ARM.attributes
                0x0000000000000000       0x2d gcc/startup.o
 .ARM.attributes
                0x000000000000002d       0x2d gcc/main.o
 .ARM.attributes
                0x000000000000005a       0x2d gcc/list.o
 .ARM.attributes
                0x0000000000000087       0x2d gcc/queue.o
 .ARM.attributes
                0x00000000000000b4       0x2d gcc/tasks.o
 .ARM.attributes
                0x00000000000000e1       0x2d gcc/port.o
 .ARM.attributes
                0x000000000000010e       0x2d gcc/heap_1.o
 .ARM.attributes
                0x000000000000013b       0x2d gcc/BlockQ.o
 .ARM.attributes
                0x0000000000000168       0x2d gcc/PollQ.o
 .ARM.attributes
                0x0000000000000195       0x2d gcc/integer.o
 .ARM.attributes
                0x00000000000001c2       0x2d gcc/semtest.o
 .ARM.attributes
                0x00000000000001ef       0x2d gcc/osram96x16.o
 .ARM.attributes
                0x000000000000021c       0x31 hw_include/libdriver.a(gpio_dirmodeset_.o)
 .ARM.attributes
                0x000000000000024d       0x31 hw_include/libdriver.a(gpio_inttypeset_.o)
 .ARM.attributes
                0x000000000000027e       0x31 hw_include/libdriver.a(gpio_pinintclear_.o)
 .ARM.attributes
                0x00000000000002af       0x31 hw_include/libdriver.a(gpio_pinintenable_.o)
 .ARM.attributes
                0x00000000000002e0       0x31 hw_include/libdriver.a(gpio_pintypei2c_.o)
 .ARM.attributes
                0x0000000000000311       0x31 hw_include/libdriver.a(i2c_mastercontrol_.o)
 .ARM.attributes
                0x0000000000000342       0x31 hw_include/libdriver.a(i2c_masterdataput_.o)
 .ARM.attributes
                0x0000000000000373       0x31 hw_include/libdriver.a(i2c_masterinit_.o)
 .ARM.attributes
                0x00000000000003a4       0x31 hw_include/libdriver.a(i2c_masterintstatus_.o)
 .ARM.attributes
                0x00000000000003d5       0x31 hw_include/libdriver.a(i2c_masterslaveaddrset_.o)
 .ARM.attributes
                0x0000000000000406       0x31 hw_include/libdriver.a(interrupt_enable_.o)
 .ARM.attributes
                0x0000000000000437       0x31 hw_include/libdriver.a(interrupt_priorityset_.o)
 .ARM.attributes
                0x0000000000000468       0x2f hw_include/libdriver.a(interrupt_pulregs_.o)
 .ARM.attributes
                0x0000000000000497       0x31 hw_include/libdriver.a(sysctl_clockget_.o)
 .ARM.attributes
                0x00000000000004c8       0x31 hw_include/libdriver.a(sysctl_clockset_.o)
 .ARM.attributes
                0x00000000000004f9       0x31 hw_include/libdriver.a(sysctl_peripheralenable_.o)
 .ARM.attributes
                0x000000000000052a       0x2f hw_include/libdriver.a(sysctl_pulrcgcregs_.o)
 .ARM.attributes
                0x0000000000000559       0x2f hw_include/libdriver.a(sysctl_pulxtals_.o)
 .ARM.attributes
                0x0000000000000588       0x31 hw_include/libdriver.a(uart_configset_.o)
 .ARM.attributes
                0x00000000000005b9       0x31 hw_include/libdriver.a(uart_disable_.o)
 .ARM.attributes
                0x00000000000005ea       0x31 hw_include/libdriver.a(uart_enable_.o)
 .ARM.attributes
                0x000000000000061b       0x31 hw_include/libdriver.a(uart_intclear_.o)
 .ARM.attributes
                0x000000000000064c       0x31 hw_include/libdriver.a(uart_intstatus_.o)
 .ARM.attributes
                0x000000000000067d       0x31 hw_include/libdriver.a(gpio_padconfigset_.o)
 .ARM.attributes
                0x00000000000006ae       0x31 hw_include/libdriver.a(i2c_masterenable_.o)
 .ARM.attributes
                0x00000000000006df       0x2a /usr/lib/gcc/arm-none-eabi/10.3.1/../../../arm-none-eabi/lib/thumb/nofp/libc.a(lib_a-memcpy-stub.o)
 .ARM.attributes
                0x0000000000000709       0x2a /usr/lib/gcc/arm-none-eabi/10.3.1/../../../arm-none-eabi/lib/thumb/nofp/libc.a(lib_a-memset.o)

.debug_info     0x0000000000000000      0x299
 .debug_info    0x0000000000000000      0x15c /usr/lib/gcc/arm-none-eabi/10.3.1/../../../arm-none-eabi/lib/thumb/nofp/libc.a(lib_a-memcpy-stub.o)
 .debug_info    0x000000000000015c      0x13d /usr/lib/gcc/arm-none-eabi/10.3.1/../../../arm-none-eabi/lib/thumb/nofp/libc.a(lib_a-memset.o)

.debug_abbrev   0x0000000000000000      0x17b
 .debug_abbrev  0x0000000000000000       0xc7 /usr/lib/gcc/arm-none-eabi/10.3.1/../../../arm-none-eabi/lib/thumb/nofp/libc.a(lib_a-memcpy-stub.o)
 .debug_abbrev  0x00000000000000c7       0xb4 /usr/lib/gcc/arm-none-eabi/10.3.1/../../../arm-none-eabi/lib/thumb/nofp/libc.a(lib_a-memset.o)

.debug_loc      0x0000000000000000      0x70f
 .debug_loc     0x0000000000000000      0x46c /usr/lib/gcc/arm-none-eabi/10.3.1/../../../arm-none-eabi/lib/thumb/nofp/libc.a(lib_a-memcpy-stub.o)
 .debug_loc     0x000000000000046c      0x2a3 /usr/lib/gcc/arm-none-eabi/10.3.1/../../../arm-none-eabi/lib/thumb/nofp/libc.a(lib_a-memset.o)

.debug_aranges  0x0000000000000000       0x40
 .debug_aranges
                0x0000000000000000       0x20 /usr/lib/gcc/arm-none-eabi/10.3.1/../../../arm-none-eabi/lib/thumb/nofp/libc.a(lib_a-memcpy-stub.o)
 .debug_aranges
                0x0000000000000020       0x20 /usr/lib/gcc/arm-none-eabi/10.3.1/../../../arm-none-eabi/lib/thumb/nofp/libc.a(lib_a-memset.o)

.debug_line     0x0000000000000000      0x37b
 .debug_line    0x0000000000000000      0x1ad /usr/lib/gcc/arm-none-eabi/10.3.1/../../../arm-none-eabi/lib/thumb/nofp/libc.a(lib_a-memcpy-stub.o)
 .debug_line    0x00000000000001ad      0x1ce /usr/lib/gcc/arm-none-eabi/10.3.1/../../../arm-none-eabi/lib/thumb/nofp/libc.a(lib_a-memset.o)

.debug_str      0x0000000000000000      0x245
 .debug_str     0x0000000000000000      0x1a5 /usr/lib/gcc/arm-none-eabi/10.3.1/../../../arm-none-eabi/lib/thumb/nofp/libc.a(lib_a-memcpy-stub.o)
                                        0x1de (size before relaxing)
 .debug_str     0x00000000000001a5       0xa0 /usr/lib/gcc/arm-none-eabi/10.3.1/../../../arm-none-eabi/lib/thumb/nofp/libc.a(lib_a-memset.o)
                                        0x1b9 (size before relaxing)

.debug_frame    0x0000000000000000       0x64
 .debug_frame   0x0000000000000000       0x34 /usr/lib/gcc/arm-none-eabi/10.3.1/../../../arm-none-eabi/lib/thumb/nofp/libc.a(lib_a-memcpy-stub.o)
 .debug_frame   0x0000000000000034       0x30 /usr/lib/gcc/arm-none-eabi/10.3.1/../../../arm-none-eabi/lib/thumb/nofp/libc.a(lib_a-memset.o)
