Archive member included to satisfy reference by file (symbol)

hw_include/libdriver.a(gpio_dirmodeset_.o)
                              gcc/main.o (GPIODirModeSet)
hw_include/libdriver.a(gpio_inttypeset_.o)
                              gcc/main.o (GPIOIntTypeSet)
hw_include/libdriver.a(gpio_pinintclear_.o)
                              gcc/main.o (GPIOPinIntClear)
hw_include/libdriver.a(gpio_pinintenable_.o)
                              gcc/main.o (GPIOPinIntEnable)
hw_include/libdriver.a(gpio_pintypei2c_.o)
                              gcc/osram96x16.o (GPIOPinTypeI2C)
hw_include/libdriver.a(i2c_mastercontrol_.o)
                              gcc/osram96x16.o (I2CMasterControl)
hw_include/libdriver.a(i2c_masterdataput_.o)
                              gcc/osram96x16.o (I2CMasterDataPut)
hw_include/libdriver.a(i2c_masterinit_.o)
                              gcc/osram96x16.o (I2CMasterInit)
hw_include/libdriver.a(i2c_masterintstatus_.o)
                              gcc/osram96x16.o (I2CMasterIntStatus)
hw_include/libdriver.a(i2c_masterslaveaddrset_.o)
                              gcc/osram96x16.o (I2CMasterSlaveAddrSet)
hw_include/libdriver.a(interrupt_enable_.o)
                              gcc/main.o (IntEnable)
hw_include/libdriver.a(interrupt_priorityset_.o)
                              gcc/main.o (IntPrioritySet)
hw_include/libdriver.a(interrupt_pulregs_.o)
                              hw_include/libdriver.a(interrupt_priorityset_.o) (g_pulRegs)
hw_include/libdriver.a(sysctl_clockget_.o)
                              hw_include/libdriver.a(i2c_masterinit_.o) (SysCtlClockGet)
hw_include/libdriver.a(sysctl_clockset_.o)
                              gcc/main.o (SysCtlClockSet)
hw_include/libdriver.a(sysctl_peripheralenable_.o)
                              gcc/main.o (SysCtlPeripheralEnable)
hw_include/libdriver.a(sysctl_pulrcgcregs_.o)
                              hw_include/libdriver.a(sysctl_peripheralenable_.o) (g_pulRCGCRegs)
hw_include/libdriver.a(sysctl_pulxtals_.o)
                              hw_include/libdriver.a(sysctl_clockget_.o) (g_pulXtals)
hw_include/libdriver.a(uart_configset_.o)
                              gcc/main.o (UARTConfigSet)
hw_include/libdriver.a(uart_disable_.o)
                              hw_include/libdriver.a(uart_configset_.o) (UARTDisable)
hw_include/libdriver.a(uart_enable_.o)
                              hw_include/libdriver.a(uart_configset_.o) (UARTEnable)
hw_include/libdriver.a(uart_intclear_.o)
                              gcc/main.o (UARTIntClear)
hw_include/libdriver.a(uart_intstatus_.o)
                              gcc/main.o (UARTIntStatus)
hw_include/libdriver.a(gpio_padconfigset_.o)
                              hw_include/libdriver.a(gpio_pintypei2c_.o) (GPIOPadConfigSet)
hw_include/libdriver.a(i2c_masterenable_.o)
                              hw_include/libdriver.a(i2c_masterinit_.o) (I2CMasterEnable)
/usr/lib/gcc/arm-none-eabi/10.3.1/../../../arm-none-eabi/lib/thumb/nofp/libc.a(lib_a-memcpy-stub.o)
                              gcc/queue.o (memcpy)
/usr/lib/gcc/arm-none-eabi/10.3.1/../../../arm-none-eabi/lib/thumb/nofp/libc.a(lib_a-memset.o)
                              gcc/tasks.o (memset)

Memory Configuration

Name             Origin             Length             Attributes
FLASH            0x0000000000000000 0x0000000000010000 xr
SRAM             0x0000000020000000 0x0000000000002000 xrw
*default*        0x0000000000000000 0xffffffffffffffff

Linker script and memory map


.text           0x0000000000000000     0x359c
 *(.isr_vector)
 .isr_vector    0x0000000000000000       0xb8 gcc/startup.o
                0x0000000000000000                g_pfnVectors
 *(.text*)
 .text          0x00000000000000b8       0x10 gcc/startup.o
                0x00000000000000c4                ResetISR
 .text          0x00000000000000c8      0x1a8 gcc/main.o
                0x00000000000001f4                vUART_ISR
                0x0000000000000230                vGPIO_ISR
 .text.startup  0x0000000000000270      0x114 gcc/main.o
                0x0000000000000270                main
 .text          0x0000000000000384       0x90 gcc/list.o
                0x0000000000000384                vListInitialise
                0x000000000000039c                vListInitialiseItem
                0x00000000000003a4                vListInsertEnd
                0x00000000000003c0                vListInsert
                0x00000000000003f0                uxListRemove
 .text          0x0000000000000414      0x868 gcc/queue.o
                0x0000000000000500                xQueueGenericReset
                0x0000000000000584                xQueueGenericCreate
                0x00000000000005d0                xQueueGenericSend
                0x00000000000006e4                xQueueGenericSendFromISR
                0x0000000000000764                xQueueGiveFromISR
                0x00000000000007e0                xQueueReceive
                0x0000000000000908                xQueueSemaphoreTake
                0x0000000000000a18                xQueuePeek
                0x0000000000000b38                xQueueReceiveFromISR
                0x0000000000000bcc                xQueuePeekFromISR
                0x0000000000000c14                uxQueueMessagesWaiting
                0x0000000000000c28                uxQueueSpacesAvailable
                0x0000000000000c40                uxQueueMessagesWaitingFromISR
                0x0000000000000c44                vQueueDelete
                0x0000000000000c48                uxQueueGetQueueNumber
                0x0000000000000c4c                vQueueSetQueueNumber
                0x0000000000000c50                ucQueueGetQueueType
                0x0000000000000c58                uxQueueGetQueueItemSize
                0x0000000000000c5c                uxQueueGetQueueLength
                0x0000000000000c60                xQueueIsQueueEmptyFromISR
                0x0000000000000c6c                xQueueIsQueueFullFromISR
 .text          0x0000000000000c7c     0x111c gcc/tasks.o
                0x0000000000000e2c                xTaskCreate
                0x0000000000000fcc                eTaskGetState
                0x0000000000001018                vTaskStartScheduler
                0x000000000000108c                vTaskEndScheduler
                0x00000000000010ac                vTaskSuspendAll
                0x00000000000010c0                xTaskResumeAll
                0x000000000000121c                xTaskDelayUntil
                0x0000000000001274                vTaskDelay
                0x00000000000012ac                xTaskGetTickCount
                0x00000000000012b8                xTaskGetTickCountFromISR
                0x00000000000012c4                uxTaskGetNumberOfTasks
                0x00000000000012d0                pcTaskGetName
                0x00000000000012e4                xTaskCatchUpTicks
                0x0000000000001314                xTaskIncrementTick
                0x0000000000001330                vTaskSwitchContext
                0x0000000000001378                vTaskPlaceOnEventList
                0x0000000000001394                vTaskPlaceOnUnorderedEventList
                0x00000000000013dc                xTaskRemoveFromEventList
                0x00000000000014a8                vTaskRemoveFromUnorderedEventList
                0x0000000000001544                vTaskSetTimeOutState
                0x0000000000001564                vTaskInternalSetTimeOutState
                0x0000000000001574                xTaskCheckForTimeOut
                0x00000000000015c4                vTaskMissedYield
                0x00000000000015d4                uxTaskGetTaskNumber
                0x00000000000015dc                vTaskSetTaskNumber
                0x00000000000015e4                vTaskGetInfo
                0x00000000000016b4                uxTaskGetSystemState
                0x0000000000001834                xTaskGetCurrentTaskHandle
                0x0000000000001840                xTaskGetCurrentTaskHandleForCore
                0x0000000000001850                uxTaskResetEventItemValue
                0x0000000000001868                ulTaskGenericNotifyTake
                0x0000000000001910                xTaskGenericNotifyWait
                0x00000000000019dc                xTaskGenericNotify
                0x0000000000001ae0                xTaskGenericNotifyFromISR
                0x0000000000001c14                vTaskGenericNotifyGiveFromISR
                0x0000000000001d08                xTaskGenericNotifyStateClear
                0x0000000000001d3c                ulTaskGenericNotifyValueClear
                0x0000000000001d6c                vTaskResetState
 .text          0x0000000000001d98      0x1a0 gcc/port.o
                0x0000000000001dd8                pxPortInitialiseStack
                0x0000000000001dfc                vPortSVCHandler
                0x0000000000001e20                vPortEndScheduler
                0x0000000000001e24                vPortEnterCritical
                0x0000000000001e44                vPortExitCritical
                0x0000000000001e58                xPortPendSVHandler
                0x0000000000001e9c                xPortSysTickHandler
                0x0000000000001ec8                vPortSetupTimerInterrupt
                0x0000000000001ee0                xPortStartScheduler
 .text          0x0000000000001f38       0x9c gcc/heap_1.o
                0x0000000000001f38                pvPortMalloc
                0x0000000000001fa8                vPortFree
                0x0000000000001fac                vPortInitialiseBlocks
                0x0000000000001fb8                xPortGetFreeHeapSize
                0x0000000000001fc8                vPortHeapResetState
 .text          0x0000000000001fd4      0x200 gcc/BlockQ.o
                0x000000000000204c                vStartBlockingQueueTasks
                0x0000000000002188                xAreBlockingQueuesStillRunning
 .text          0x00000000000021d4      0x128 gcc/PollQ.o
                0x000000000000228c                vStartPolledQueueTasks
                0x00000000000022e0                xArePollingQueuesStillRunning
 .text          0x00000000000022fc       0x9c gcc/integer.o
                0x000000000000235c                vStartIntegerMathTasks
                0x0000000000002384                xAreIntegerMathsTaskStillRunning
 .text          0x0000000000002398      0x1d8 gcc/semtest.o
                0x0000000000002468                vStartSemaphoreTasks
                0x000000000000253c                xAreSemaphoreTasksStillRunning
 .text          0x0000000000002570      0x688 gcc/osram96x16.o
                0x0000000000002600                OSRAMClear
                0x0000000000002708                OSRAMStringDraw
                0x00000000000028ec                OSRAMImageDraw
                0x0000000000002a3c                OSRAMInit
                0x0000000000002ad8                OSRAMDisplayOn
                0x0000000000002b38                OSRAMDisplayOff
 .text          0x0000000000002bf8       0x48 hw_include/libdriver.a(gpio_dirmodeset_.o)
                0x0000000000002bf8                GPIODirModeSet
 .text          0x0000000000002c40       0x74 hw_include/libdriver.a(gpio_inttypeset_.o)
                0x0000000000002c40                GPIOIntTypeSet
 .text          0x0000000000002cb4        0x8 hw_include/libdriver.a(gpio_pinintclear_.o)
                0x0000000000002cb4                GPIOPinIntClear
 .text          0x0000000000002cbc        0xc hw_include/libdriver.a(gpio_pinintenable_.o)
                0x0000000000002cbc                GPIOPinIntEnable
 .text          0x0000000000002cc8       0x20 hw_include/libdriver.a(gpio_pintypei2c_.o)
                0x0000000000002cc8                GPIOPinTypeI2C
 .text          0x0000000000002ce8        0x4 hw_include/libdriver.a(i2c_mastercontrol_.o)
                0x0000000000002ce8                I2CMasterControl
 .text          0x0000000000002cec        0x4 hw_include/libdriver.a(i2c_masterdataput_.o)
                0x0000000000002cec                I2CMasterDataPut
 .text          0x0000000000002cf0       0x34 hw_include/libdriver.a(i2c_masterinit_.o)
                0x0000000000002cf0                I2CMasterInit
 .text          0x0000000000002d24       0x18 hw_include/libdriver.a(i2c_masterintstatus_.o)
                0x0000000000002d24                I2CMasterIntStatus
 .text          0x0000000000002d3c        0x8 hw_include/libdriver.a(i2c_masterslaveaddrset_.o)
                0x0000000000002d3c                I2CMasterSlaveAddrSet
 .text          0x0000000000002d44       0x5c hw_include/libdriver.a(interrupt_enable_.o)
                0x0000000000002d44                IntEnable
 .text          0x0000000000002da0       0x30 hw_include/libdriver.a(interrupt_priorityset_.o)
                0x0000000000002da0                IntPrioritySet
 .text          0x0000000000002dd0        0x0 hw_include/libdriver.a(interrupt_pulregs_.o)
 .text          0x0000000000002dd0       0x90 hw_include/libdriver.a(sysctl_clockget_.o)
                0x0000000000002dd0                SysCtlClockGet
 .text          0x0000000000002e60       0xcc hw_include/libdriver.a(sysctl_clockset_.o)
                0x0000000000002e60                SysCtlClockSet
 .text          0x0000000000002f2c       0x1c hw_include/libdriver.a(sysctl_peripheralenable_.o)
                0x0000000000002f2c                SysCtlPeripheralEnable
 .text          0x0000000000002f48        0x0 hw_include/libdriver.a(sysctl_pulrcgcregs_.o)
 .text          0x0000000000002f48        0x0 hw_include/libdriver.a(sysctl_pulxtals_.o)
 .text          0x0000000000002f48       0x38 hw_include/libdriver.a(uart_configset_.o)
                0x0000000000002f48                UARTConfigSet
 .text          0x0000000000002f80       0x24 hw_include/libdriver.a(uart_disable_.o)
                0x0000000000002f80                UARTDisable
 .text          0x0000000000002fa4       0x18 hw_include/libdriver.a(uart_enable_.o)
                0x0000000000002fa4                UARTEnable
 .text          0x0000000000002fbc        0x4 hw_include/libdriver.a(uart_intclear_.o)
                0x0000000000002fbc                UARTIntClear
 .text          0x0000000000002fc0        0xc hw_include/libdriver.a(uart_intstatus_.o)
                0x0000000000002fc0                UARTIntStatus
 .text          0x0000000000002fcc      0x11c hw_include/libdriver.a(gpio_padconfigset_.o)
                0x0000000000002fcc                GPIOPadConfigSet
 .text          0x00000000000030e8        0xc hw_include/libdriver.a(i2c_masterenable_.o)
                0x00000000000030e8                I2CMasterEnable
 .text          0x00000000000030f4       0xa8 /usr/lib/gcc/arm-none-eabi/10.3.1/../../../arm-none-eabi/lib/thumb/nofp/libc.a(lib_a-memcpy-stub.o)
                0x00000000000030f4                memcpy
 .text          0x000000000000319c       0xb0 /usr/lib/gcc/arm-none-eabi/10.3.1/../../../arm-none-eabi/lib/thumb/nofp/libc.a(lib_a-memset.o)
                0x000000000000319c                memset
 *(.rodata*)
 .rodata.str1.4
                0x000000000000324c       0x1c gcc/main.o
 .rodata.str1.4
                0x0000000000003268       0x30 gcc/BlockQ.o
 .rodata.str1.4
                0x0000000000003298       0x10 gcc/PollQ.o
 .rodata.str1.4
                0x00000000000032a8        0x8 gcc/integer.o
 .rodata.str1.4
                0x00000000000032b0       0x20 gcc/semtest.o
 .rodata        0x00000000000032d0      0x25d gcc/osram96x16.o
 *fill*         0x000000000000352d        0x3 
 .rodata        0x0000000000003530       0x30 hw_include/libdriver.a(interrupt_pulregs_.o)
                0x0000000000003530                g_pulRegs
 .rodata        0x0000000000003560        0xc hw_include/libdriver.a(sysctl_pulrcgcregs_.o)
                0x0000000000003560                g_pulRCGCRegs
 .rodata        0x000000000000356c       0x30 hw_include/libdriver.a(sysctl_pulxtals_.o)
                0x000000000000356c                g_pulXtals
                0x000000000000359c                _etext = .

.glue_7         0x000000000000359c        0x0
 .glue_7        0x000000000000359c        0x0 linker stubs

.glue_7t        0x000000000000359c        0x0
 .glue_7t       0x000000000000359c        0x0 linker stubs

.vfp11_veneer   0x000000000000359c        0x0
 .vfp11_veneer  0x000000000000359c        0x0 linker stubs

.v4_bx          0x000000000000359c        0x0
 .v4_bx         0x000000000000359c        0x0 linker stubs

.iplt           0x000000000000359c        0x0
 .iplt          0x000000000000359c        0x0 gcc/startup.o

.rel.dyn        0x000000000000359c        0x0
 .rel.iplt      0x000000000000359c        0x0 gcc/startup.o

.data           0x0000000020000000        0x8 load address 0x000000000000359c
                0x0000000020000000                _data = .
 *(vtable)
 *(.data)
 .data          0x0000000020000000        0x0 gcc/startup.o
 .data          0x0000000020000000        0x0 gcc/main.o
 .data          0x0000000020000000        0x0 gcc/list.o
 .data          0x0000000020000000        0x0 gcc/queue.o
 .data          0x0000000020000000        0x4 gcc/tasks.o
 .data          0x0000000020000004        0x4 gcc/port.o
 .data          0x0000000020000008        0x0 gcc/heap_1.o
 .data          0x0000000020000008        0x0 gcc/BlockQ.o
 .data          0x0000000020000008        0x0 gcc/PollQ.o
 .data          0x0000000020000008        0x0 gcc/integer.o
 .data          0x0000000020000008        0x0 gcc/semtest.o
 .data          0x0000000020000008        0x0 gcc/osram96x16.o
 .data          0x0000000020000008        0x0 hw_include/libdriver.a(gpio_dirmodeset_.o)
 .data          0x0000000020000008        0x0 hw_include/libdriver.a(gpio_inttypeset_.o)
 .data          0x0000000020000008        0x0 hw_include/libdriver.a(gpio_pinintclear_.o)
 .data          0x0000000020000008        0x0 hw_include/libdriver.a(gpio_pinintenable_.o)
 .data          0x0000000020000008        0x0 hw_include/libdriver.a(gpio_pintypei2c_.o)
 .data          0x0000000020000008        0x0 hw_include/libdriver.a(i2c_mastercontrol_.o)
 .data          0x0000000020000008        0x0 hw_include/libdriver.a(i2c_masterdataput_.o)
 .data          0x0000000020000008        0x0 hw_include/libdriver.a(i2c_masterinit_.o)
 .data          0x0000000020000008        0x0 hw_include/libdriver.a(i2c_masterintstatus_.o)
 .data          0x0000000020000008        0x0 hw_include/libdriver.a(i2c_masterslaveaddrset_.o)
 .data          0x0000000020000008        0x0 hw_include/libdriver.a(interrupt_enable_.o)
 .data          0x0000000020000008        0x0 hw_include/libdriver.a(interrupt_priorityset_.o)
 .data          0x0000000020000008        0x0 hw_include/libdriver.a(interrupt_pulregs_.o)
 .data          0x0000000020000008        0x0 hw_include/libdriver.a(sysctl_clockget_.o)
 .data          0x0000000020000008        0x0 hw_include/libdriver.a(sysctl_clockset_.o)
 .data          0x0000000020000008        0x0 hw_include/libdriver.a(sysctl_peripheralenable_.o)
 .data          0x0000000020000008        0x0 hw_include/libdriver.a(sysctl_pulrcgcregs_.o)
 .data          0x0000000020000008        0x0 hw_include/libdriver.a(sysctl_pulxtals_.o)
 .data          0x0000000020000008        0x0 hw_include/libdriver.a(uart_configset_.o)
 .data          0x0000000020000008        0x0 hw_include/libdriver.a(uart_disable_.o)
 .data          0x0000000020000008        0x0 hw_include/libdriver.a(uart_enable_.o)
 .data          0x0000000020000008        0x0 hw_include/libdriver.a(uart_intclear_.o)
 .data          0x0000000020000008        0x0 hw_include/libdriver.a(uart_intstatus_.o)
 .data          0x0000000020000008        0x0 hw_include/libdriver.a(gpio_padconfigset_.o)
 .data          0x0000000020000008        0x0 hw_include/libdriver.a(i2c_masterenable_.o)
 .data          0x0000000020000008        0x0 /usr/lib/gcc/arm-none-eabi/10.3.1/../../../arm-none-eabi/lib/thumb/nofp/libc.a(lib_a-memcpy-stub.o)
 .data          0x0000000020000008        0x0 /usr/lib/gcc/arm-none-eabi/10.3.1/../../../arm-none-eabi/lib/thumb/nofp/libc.a(lib_a-memset.o)
                0x0000000020000008                _edata = .

.igot.plt       0x0000000020000008        0x0 load address 0x00000000000035a4
 .igot.plt      0x0000000020000008        0x0 gcc/startup.o

.bss            0x0000000020000008     0x15f8 load address 0x00000000000035a4
                0x0000000020000008                _bss = .
 *(.bss)
 .bss           0x0000000020000008      0x100 gcc/startup.o
 .bss           0x0000000020000108       0x48 gcc/main.o
                0x0000000020000108                xSensorQueue
                0x000000002000010c                xDisplayQueue
                0x0000000020000148                xButtonSemaphore
                0x000000002000014c                xPrintQueue
 .bss           0x0000000020000150        0x0 gcc/list.o
 .bss           0x0000000020000150        0x0 gcc/queue.o
 .bss           0x0000000020000150       0xd8 gcc/tasks.o
                0x000000002000015c                pxCurrentTCB
 .bss           0x0000000020000228        0x0 gcc/port.o
 .bss           0x0000000020000228     0x1390 gcc/heap_1.o
 .bss           0x00000000200015b8       0x1e gcc/BlockQ.o
 *fill*         0x00000000200015d6        0x2 
 .bss           0x00000000200015d8        0xc gcc/PollQ.o
 .bss           0x00000000200015e4        0x4 gcc/integer.o
 .bss           0x00000000200015e8       0x14 gcc/semtest.o
 .bss           0x00000000200015fc        0x4 gcc/osram96x16.o
 .bss           0x0000000020001600        0x0 hw_include/libdriver.a(gpio_dirmodeset_.o)
 .bss           0x0000000020001600        0x0 hw_include/libdriver.a(gpio_inttypeset_.o)
 .bss           0x0000000020001600        0x0 hw_include/libdriver.a(gpio_pinintclear_.o)
 .bss           0x0000000020001600        0x0 hw_include/libdriver.a(gpio_pinintenable_.o)
 .bss           0x0000000020001600        0x0 hw_include/libdriver.a(gpio_pintypei2c_.o)
 .bss           0x0000000020001600        0x0 hw_include/libdriver.a(i2c_mastercontrol_.o)
 .bss           0x0000000020001600        0x0 hw_include/libdriver.a(i2c_masterdataput_.o)
 .bss           0x0000000020001600        0x0 hw_include/libdriver.a(i2c_masterinit_.o)
 .bss           0x0000000020001600        0x0 hw_include/libdriver.a(i2c_masterintstatus_.o)
 .bss           0x0000000020001600        0x0 hw_include/libdriver.a(i2c_masterslaveaddrset_.o)
 .bss           0x0000000020001600        0x0 hw_include/libdriver.a(interrupt_enable_.o)
 .bss           0x0000000020001600        0x0 hw_include/libdriver.a(interrupt_priorityset_.o)
 .bss           0x0000000020001600        0x0 hw_include/libdriver.a(interrupt_pulregs_.o)
 .bss           0x0000000020001600        0x0 hw_include/libdriver.a(sysctl_clockget_.o)
 .bss           0x0000000020001600        0x0 hw_include/libdriver.a(sysctl_clockset_.o)
 .bss           0x0000000020001600        0x0 hw_include/libdriver.a(sysctl_peripheralenable_.o)
 .bss           0x0000000020001600        0x0 hw_include/libdriver.a(sysctl_pulrcgcregs_.o)
 .bss           0x0000000020001600        0x0 hw_include/libdriver.a(sysctl_pulxtals_.o)
 .bss           0x0000000020001600        0x0 hw_include/libdriver.a(uart_configset_.o)
 .bss           0x0000000020001600        0x0 hw_include/libdriver.a(uart_disable_.o)
 .bss           0x0000000020001600        0x0 hw_include/libdriver.a(uart_enable_.o)
 .bss           0x0000000020001600        0x0 hw_include/libdriver.a(uart_intclear_.o)
 .bss           0x0000000020001600        0x0 hw_include/libdriver.a(uart_intstatus_.o)
 .bss           0x0000000020001600        0x0 hw_include/libdriver.a(gpio_padconfigset_.o)
 .bss           0x0000000020001600        0x0 hw_include/libdriver.a(i2c_masterenable_.o)
 .bss           0x0000000020001600        0x0 /usr/lib/gcc/arm-none-eabi/10.3.1/../../../arm-none-eabi/lib/thumb/nofp/libc.a(lib_a-memcpy-stub.o)
 .bss           0x0000000020001600        0x0 /usr/lib/gcc/arm-none-eabi/10.3.1/../../../arm-none-eabi/lib/thumb/nofp/libc.a(lib_a-memset.o)
 *(COMMON)
                0x0000000020001600                _ebss = .
LOAD gcc/startup.o
LOAD gcc/main.o
LOAD gcc/list.o
LOAD gcc/queue.o
LOAD gcc/tasks.o
LOAD gcc/port.o
LOAD gcc/heap_1.o
LOAD gcc/BlockQ.o
LOAD gcc/PollQ.o
LOAD gcc/integer.o
LOAD gcc/semtest.o
LOAD gcc/osram96x16.o
LOAD hw_include/libdriver.a
LOAD /usr/lib/gcc/arm-none-eabi/10.3.1/../../../arm-none-eabi/lib/thumb/nofp/libc.a
LOAD /usr/lib/gcc/arm-none-eabi/10.3.1/thumb/nofp/libgcc.a
OUTPUT(gcc/RTOSDemo.axf elf32-littlearm)
LOAD linker stubs

.comment        0x0000000000000000      0x385
 .comment       0x0000000000000000       0x33 gcc/startup.o
                                         0x34 (size before relaxing)
 .comment       0x0000000000000033       0x34 gcc/main.o
 .comment       0x0000000000000033       0x34 gcc/list.o
 .comment       0x0000000000000033       0x34 gcc/queue.o
 .comment       0x0000000000000033       0x34 gcc/tasks.o
 .comment       0x0000000000000033       0x34 gcc/port.o
 .comment       0x0000000000000033       0x34 gcc/heap_1.o
 .comment       0x0000000000000033       0x34 gcc/BlockQ.o
 .comment       0x0000000000000033       0x34 gcc/PollQ.o
 .comment       0x0000000000000033       0x34 gcc/integer.o
 .comment       0x0000000000000033       0x34 gcc/semtest.o
 .comment       0x0000000000000033       0x34 gcc/osram96x16.o
 .comment       0x0000000000000033       0x22 hw_include/libdriver.a(gpio_dirmodeset_.o)
 .comment       0x0000000000000055       0x22 hw_include/libdriver.a(gpio_inttypeset_.o)
 .comment       0x0000000000000077       0x22 hw_include/libdriver.a(gpio_pinintclear_.o)
 .comment       0x0000000000000099       0x22 hw_include/libdriver.a(gpio_pinintenable_.o)
 .comment       0x00000000000000bb       0x22 hw_include/libdriver.a(gpio_pintypei2c_.o)
 .comment       0x00000000000000dd       0x22 hw_include/libdriver.a(i2c_mastercontrol_.o)
 .comment       0x00000000000000ff       0x22 hw_include/libdriver.a(i2c_masterdataput_.o)
 .comment       0x0000000000000121       0x22 hw_include/libdriver.a(i2c_masterinit_.o)
 .comment       0x0000000000000143       0x22 hw_include/libdriver.a(i2c_masterintstatus_.o)
 .comment       0x0000000000000165       0x22 hw_include/libdriver.a(i2c_masterslaveaddrset_.o)
 .comment       0x0000000000000187       0x22 hw_include/libdriver.a(interrupt_enable_.o)
 .comment       0x00000000000001a9       0x22 hw_include/libdriver.a(interrupt_priorityset_.o)
 .comment       0x00000000000001cb       0x22 hw_include/libdriver.a(interrupt_pulregs_.o)
 .comment       0x00000000000001ed       0x22 hw_include/libdriver.a(sysctl_clockget_.o)
 .comment       0x000000000000020f       0x22 hw_include/libdriver.a(sysctl_clockset_.o)
 .comment       0x0000000000000231       0x22 hw_include/libdriver.a(sysctl_peripheralenable_.o)
 .comment       0x0000000000000253       0x22 hw_include/libdriver.a(sysctl_pulrcgcregs_.o)
 .comment       0x0000000000000275       0x22 hw_include/libdriver.a(sysctl_pulxtals_.o)
 .comment       0x0000000000000297       0x22 hw_include/libdriver.a(uart_configset_.o)
 .comment       0x00000000000002b9       0x22 hw_include/libdriver.a(uart_disable_.o)
 .comment       0x00000000000002db       0x22 hw_include/libdriver.a(uart_enable_.o)
 .comment       0x00000000000002fd       0x22 hw_include/libdriver.a(uart_intclear_.o)
 .comment       0x000000000000031f       0x22 hw_include/libdriver.a(uart_intstatus_.o)
 .comment       0x0000000000000341       0x22 hw_include/libdriver.a(gpio_padconfigset_.o)
 .comment       0x0000000000000363       0x22 hw_include/libdriver.a(i2c_masterenable_.o)
 .comment       0x0000000000000385       0x34 /usr/lib/gcc/arm-none-eabi/10.3.1/../../../arm-none-eabi/lib/thumb/nofp/libc.a(lib_a-memcpy-stub.o)
 .comment       0x0000000000000385       0x34 /usr/lib/gcc/arm-none-eabi/10.3.1/../../../arm-none-eabi/lib/thumb/nofp/libc.a(lib_a-memset.o)

.ARM.attributes
                0x0000000000000000       0x2f
 .ARM.attributes
                0x0000000000000000       0x2d gcc/startup.o
 .ARM.attributes
                0x000000000000002d       0x2d gcc/main.o
 .ARM.attributes
                0x000000000000005a       0x2d gcc/list.o
 .ARM.attributes
                0x0000000000000087       0x2d gcc/queue.o
 .ARM.attributes
                0x00000000000000b4       0x2d gcc/tasks.o
 .ARM.attributes
                0x00000000000000e1       0x2d gcc/port.o
 .ARM.attributes
                0x000000000000010e       0x2d gcc/heap_1.o
 .ARM.attributes
                0x000000000000013b       0x2d gcc/BlockQ.o
 .ARM.attributes
                0x0000000000000168       0x2d gcc/PollQ.o
 .ARM.attributes
                0x0000000000000195       0x2d gcc/integer.o
 .ARM.attributes
                0x00000000000001c2       0x2d gcc/semtest.o
 .ARM.attributes
                0x00000000000001ef       0x2d gcc/osram96x16.o
 .ARM.attributes
                0x000000000000021c       0x31 hw_include/libdriver.a(gpio_dirmodeset_.o)
 .ARM.attributes
                0x000000000000024d       0x31 hw_include/libdriver.a(gpio_inttypeset_.o)
 .ARM.attributes
                0x000000000000027e       0x31 hw_include/libdriver.a(gpio_pinintclear_.o)
 .ARM.attributes
                0x00000000000002af       0x31 hw_include/libdriver.a(gpio_pinintenable_.o)
 .ARM.attributes
                0x00000000000002e0       0x31 hw_include/libdriver.a(gpio_pintypei2c_.o)
 .ARM.attributes
                0x0000000000000311       0x31 hw_include/libdriver.a(i2c_mastercontrol_.o)
 .ARM.attributes
                0x0000000000000342       0x31 hw_include/libdriver.a(i2c_masterdataput_.o)
 .ARM.attributes
                0x0000000000000373       0x31 hw_include/libdriver.a(i2c_masterinit_.o)
 .ARM.attributes
                0x00000000000003a4       0x31 hw_include/libdriver.a(i2c_masterintstatus_.o)
 .ARM.attributes
                0x00000000000003d5       0x31 hw_include/libdriver.a(i2c_masterslaveaddrset_.o)
 .ARM.attributes
                0x0000000000000406       0x31 hw_include/libdriver.a(interrupt_enable_.o)
 .ARM.attributes
                0x0000000000000437       0x31 hw_include/libdriver.a(interrupt_priorityset_.o)
 .ARM.attributes
                0x0000000000000468       0x2f hw_include/libdriver.a(interrupt_pulregs_.o)
 .ARM.attributes
                0x0000000000000497       0x31 hw_include/libdriver.a(sysctl_clockget_.o)
 .ARM.attributes
                0x00000000000004c8       0x31 hw_include/libdriver.a(sysctl_clockset_.o)
 .ARM.attributes
                0x00000000000004f9       0x31 hw_include/libdriver.a(sysctl_peripheralenable_.o)
 .ARM.attributes
                0x000000000000052a       0x2f hw_include/libdriver.a(sysctl_pulrcgcregs_.o)
 .ARM.attributes
                0x0000000000000559       0x2f hw_include/libdriver.a(sysctl_pulxtals_.o)
 .ARM.attributes
                0x0000000000000588       0x31 hw_include/libdriver.a(uart_configset_.o)
 .ARM.attributes
                0x00000000000005b9       0x31 hw_include/libdriver.a(uart_disable_.o)
 .ARM.attributes
                0x00000000000005ea       0x31 hw_include/libdriver.a(uart_enable_.o)
 .ARM.attributes
                0x000000000000061b       0x31 hw_include/libdriver.a(uart_intclear_.o)
 .ARM.attributes
                0x000000000000064c       0x31 hw_include/libdriver.a(uart_intstatus_.o)
 .ARM.attributes
                0x000000000000067d       0x31 hw_include/libdriver.a(gpio_padconfigset_.o)
 .ARM.attributes
                0x00000000000006ae       0x31 hw_include/libdriver.a(i2c_masterenable_.o)
 .ARM.attributes
                0x00000000000006df       0x2a /usr/lib/gcc/arm-none-eabi/10.3.1/../../../arm-none-eabi/lib/thumb/nofp/libc.a(lib_a-memcpy-stub.o)
 .ARM.attributes
                0x0000000000000709       0x2a /usr/lib/gcc/arm-none-eabi/10.3.1/../../../arm-none-eabi/lib/thumb/nofp/libc.a(lib_a-memset.o)

.debug_info     0x0000000000000000      0x299
 .debug_info    0x0000000000000000      0x15c /usr/lib/gcc/arm-none-eabi/10.3.1/../../../arm-none-eabi/lib/thumb/nofp/libc.a(lib_a-memcpy-stub.o)
 .debug_info    0x000000000000015c      0x13d /usr/lib/gcc/arm-none-eabi/10.3.1/../../../arm-none-eabi/lib/thumb/nofp/libc.a(lib_a-memset.o)

.debug_abbrev   0x0000000000000000      0x17b
 .debug_abbrev  0x0000000000000000       0xc7 /usr/lib/gcc/arm-none-eabi/10.3.1/../../../arm-none-eabi/lib/thumb/nofp/libc.a(lib_a-memcpy-stub.o)
 .debug_abbrev  0x00000000000000c7       0xb4 /usr/lib/gcc/arm-none-eabi/10.3.1/../../../arm-none-eabi/lib/thumb/nofp/libc.a(lib_a-memset.o)

.debug_loc      0x0000000000000000      0x70f
 .debug_loc     0x0000000000000000      0x46c /usr/lib/gcc/arm-none-eabi/10.3.1/../../../arm-none-eabi/lib/thumb/nofp/libc.a(lib_a-memcpy-stub.o)
 .debug_loc     0x000000000000046c      0x2a3 /usr/lib/gcc/arm-none-eabi/10.3.1/../../../arm-none-eabi/lib/thumb/nofp/libc.a(lib_a-memset.o)

.debug_aranges  0x0000000000000000       0x40
 .debug_aranges
                0x0000000000000000       0x20 /usr/lib/gcc/arm-none-eabi/10.3.1/../../../arm-none-eabi/lib/thumb/nofp/libc.a(lib_a-memcpy-stub.o)
 .debug_aranges
                0x0000000000000020       0x20 /usr/lib/gcc/arm-none-eabi/10.3.1/../../../arm-none-eabi/lib/thumb/nofp/libc.a(lib_a-memset.o)

.debug_line     0x0000000000000000      0x37b
 .debug_line    0x0000000000000000      0x1ad /usr/lib/gcc/arm-none-eabi/10.3.1/../../../arm-none-eabi/lib/thumb/nofp/libc.a(lib_a-memcpy-stub.o)
 .debug_line    0x00000000000001ad      0x1ce /usr/lib/gcc/arm-none-eabi/10.3.1/../../../arm-none-eabi/lib/thumb/nofp/libc.a(lib_a-memset.o)

.debug_str      0x0000000000000000      0x245
 .debug_str     0x0000000000000000      0x1a5 /usr/lib/gcc/arm-none-eabi/10.3.1/../../../arm-none-eabi/lib/thumb/nofp/libc.a(lib_a-memcpy-stub.o)
                                        0x1de (size before relaxing)
 .debug_str     0x00000000000001a5       0xa0 /usr/lib/gcc/arm-none-eabi/10.3.1/../../../arm-none-eabi/lib/thumb/nofp/libc.a(lib_a-memset.o)
                                        0x1b9 (size before relaxing)

.debug_frame    0x0000000000000000       0x64
 .debug_frame   0x0000000000000000       0x34 /usr/lib/gcc/arm-none-eabi/10.3.1/../../../arm-none-eabi/lib/thumb/nofp/libc.a(lib_a-memcpy-stub.o)
 .debug_frame   0x0000000000000034       0x30 /usr/lib/gcc/arm-none-eabi/10.3.1/../../../arm-none-eabi/lib/thumb/nofp/libc.a(lib_a-memset.o)
